128 128
g g g g g p p g g g g t g t t r g g g t g g g g g g g g g t g g b g g g t g g g t g g g g g g g g g g g g g t t g g g g g g t g g g g g g t g g g g g g g g g g g g g g t g g g b g g g g g g t g g g b g b g g t g g g g t g b t g t g g g t g g g g g g g g g 
g t g g t g p g g t b g t b g r g g g g g g g t g g g g g g g g g g g g g b g g g t t g g g t g b g b g b g g g g g t t g g t g g g g g t g g g g g g g g g g g b b g t g g g g b b g g g t t g t g t g g g t t b g g g g t g t g t g g g g t g g t g g g g t g 
g g g g g g p p t g t t g g r r g t g g g g g g g g g g g g g g g g g g g g g g g g g b g g g g g t g g g g t t g t g g g g g g g g g g b t g g g g g g g g b g g g g g g b t t g t b g g g g g g g g g g g g g g g g g g g t g g g b g g g g g g g t t g g g g 
g g g g g b g p g g g g g t r t g g g g t g t g g t t g g g g t g t g t t g b g g g g g g t t g t t g g g g g g t g g g t g t t t b b g b g g g g g g b t t g g g g g g t g g g g g g g g g g g t g g g g g g g g g g g g t g g g g b g g g g b g g g g g g g g 
g g g g b g g p g g t t g g r g g g g g g t g g g t g b g g t t b g b g g g g g g b g t g g g g g g t g g g g g g g g g g g g g b g g t g g t g b t g g g t g g g g t g g g t g g g g g g g g t b t g g g g g t g b t b g g g g g g g t g g b g g b g g g t b g 
g g t g g g g p p g g g g g r g g t g t g g g g b b t b b g g g t g g t g g g t g g t g g b t g t g g g g g g g g g b g t g g t t g g g g g g g g g g g g g b g g g g b g g g t g t g t g g g g g g g g g g g b g b t g g t g g b g g g g g g g g g g g g t g g 
t t g g g g g g p p p p g g r g g t g g b b t g g g g g g g g t g g b g t g g g t t g t t g b g g g g g g t t g t g g g t g g g g g g g g g g g g g t g g g b t g g g g g g g g g b g g t t g g g g g g g t g t g g t g g g g g g g g g g g g t t g g g g g g g 
g t t g b g g g g g b p p r r t g t t t g g g g g b g g g g g g g t g g b g t g g g g g t g g g t g g g g t g g g g g g g g t g g g g g g g t g g g g g g g g g g g g g g g t g g g g g g g g g g t t g g g t t g t b g g g t g g g t t g t b g t g g g g g g g 
g t g g g g g g g b g g p p p g g g g g g g g g g g t t g g g g t g t g g g g g g g g g g g g b t g t g g g g g g g g t t b g g t g g g g b g g g g g g t g g g g g g g g t g g t g g t g t g g g b g g g t b g t b g g g g t g t t t t g g g t g g t t g b g g 
g g g g g g t g g g g g g r p g g g g g g g g g g t g g g g g t g t g g t g b g g g t g t g g b b g g g t g t g g g g g g g g g g g g g t g g g g t g g b g t g g g t g g g g g g t g g t g g b g g g g g g g g b g g g g g g t g g g g g t g b t t g g g g g g 
g g g t g g g g g g g t g r p g g g g g g t t g g g g g g t g b g t g t t g g g g b g g g g g t g t g b g t g g g g g t t g b t g g g g g g g g t g g g g g b g g g t b g g t g g g g g g g t g g g t g g g g g t g t g b g t t g t g b g g t g g g g g g t t t 
g g g g b g t g g g t g g r p p p g t g b g t g g g g t g g g g b g g t g g g g g t g g g g g b b t g g g t g t t g g g t g g g t g g t t g g g g g g g g g t g b t g g g g g g g g g g g g t g g g g t g g g t g t g g g g t g g g b g g g g g g g g g t g t t 
t g g g g g g g g t g g r r g g p p g g b b g g g g g g g t b t g g g g t g g g g t g g g g b g g g g g g g g g g g g g t g g g g g g g g b g g g t g g g g t g t g g g g g t t g g g g g g g g g g g g g g t b g g g t g g g b g g g g g t g g g g t g t g g g 
t g g g g g g g g g g b r t g g g p p p p p g g g g b t g t g t g b g g t g g t g g t g t g g t g g g g g g g g t g g g t b g g g g t g t g t g g g g t b g g g g t b b g g g g g g g g g g g b g g g g g g g t g g g t g g g g t g t b g b b g g g g g g g t g 
g t g t g g g t b t g g r g g g g g g t g p p p p p p p g g t g g g g g g g t g g g g g g t t g g g g g t t g t g g g g g g g g g g t g t t t g t g g g t g t g g g t g g g g g g g g g g t t g g g g g g g g g t g b g t g g g g g t g g g g g t g t g g g g g 
g g t g g g g g g g t t r g g g g g g g g g g g g t g p g g g g g g g g g b g t g g t g g g g g t g g t g g g g b g g g t g g g t g g g g t t g t g b g g t g g g g g g g g g g t g g g g g g g g g g g g t g g g g b b g g g g t t g g g g g g g g g g g g g g 
g g g t g b g g g g g g r t g b g g g g g g g g g g t p p p g g b g g g g g g g g g g g g g g g g g g g t g g g g g g t g g b g g g g t g g g t g b b g t t g g g g g g g g b g b t g t g g g g g g g g g g g g g g g g g b g t g g g b g g g b g g g g t g t g 
g g g g g g g g b g g g r g g t t g g b g t g t g g t g g p g g t g g g g g g g g t g g g g g g t g g g b g t g t g g g t g t g g b g g g g g t t g g g g g g g g g g g g g g t t g g g g g b g g g g g t g t g g g g g g g g g g t b g t g g t g t g g t t t g 
g g g g b g g g g g g t r g g g t t g b t t g g g g g g t p p p p g g t b g t b t b g g g t g g g g g g t g g t g g g g g g g g g g g g g g b t g g g g t g g g g g g g g t g g g g g g g g t g b t g g g g g g g b g g g g g g g g g g g g t g t t g t g g b g 
g t g t g g g t g t t t r g g g g g g g g g g g g g g t g g g t p g g t g g g g t g g g g g b t g g g g g g g g g g g t g g g t g g g g b t g g t g g g g g g g g g g g g t t g t g t b g t g g t g t g g t g g g g g g g g g g g b g g g g g t t t g b g g g t 
g g g g g g g g g g g t r t b g g g g g t g g g g g t t t g g g p p p p t g g b g g g g g g g t g g g g t t b g g g t g t g t g g g g g t t t g g g t g t g t g g g g g t g g g g g g g g g g t b t g g g t g g g g b g g t g g b g g g g g t g t g g g g t g t 
t g g t t t g g t t b g r g g g g g g g b g t g g g g b g g t g g g g p g g t g t g g g g t t g g t g g g g g g g t t t b g g t g g g b g t g b t g b g g g g g b g g g g t t b t g g g g g g t t t t g g g g g g g g g g g b t g g t g g g g g t g b g g t g t 
t g g g g g g g b g g g r t g g g g g g g g g g b g g t t g t g g g g p p p p p t g g g g g g g g g t g g g g g g g g g t g g g g g g t g g g g g g g g g g g t g g g g g g t g g g g t g b t g g g t g b b g g g g g t g b g t g g b g g g g g t g g g t t g t 
g g g t g g g g g g g g r g g g g g g g g g t g g b g g g g g g g g t b g g g p g g g t g g g g g g g t g t g b g g g g g g g g b g g g t g t g g t b g g g g t g g g t g g t g t g g g g t g g g g b g t t g g t g g g g t g g b g g g g t g g g g g b g t g t 
t g g t t g g g g g g t r t t g g g g t g t g g t g t g t t g g g g g g g g g p p p g g g g g g g g g t g g g g g g g g g g g g g g b g t g g g t t g t g g g g t g t t t g g g g t g g g t g g g g g g g b g g t b g t g g g g t g g g g g t g g t g g g g g g 
g g g g g g g g g g g g r t g g g g g t g g g g g g g g g g g g g g g g g b t g g p t g g g g g g g g g g b g g t g g g g b t g g g t b g b b g g t b g g g g g g g g g g b t g b g g g t g g b t g g t g g t g g g g g g b t g g g g g g b g g g b g g b t g g 
g g g g g g g g g g t g r g g g t g g g g g g t g t b g b g g g g g t g g g g g g p t g t g g g g g g b t g g g g g t g g g b b t g g g g b g g t g g g g g g g g g g g g g g g t t g g g g g g g g g b g g g t b g g g t g g b t g g g g g g b g g g g t g g g 
g g g g g g g g g g g g r g t g g g g b g t g g g g g g g g b g g g g g g g t g g p p p g g t g g g g g g b g g g b g g g b g g b g g b g t g g t g g g g t g g g g g g g g g g g g g g g b t t g g g g g g g g g g g g g g g g g g g t g t t g t g g g g g g g 
g g g g g g g g g g g g r t g g g g g g g g g g g g t g t g g g g g g g g g t g b g b p g g g g g g t b t g g t g t g b g g t g g g g g g t g t g t b g g t g g g g g t g g g g g g g g g g g g g b g t g t g t g g g g t g t g g g g g g g g t g g g g g g g g 
g g g g t g g g g g g b r r g g g t g b g g g t t t g g g g g g g t g g t g g g g g g p p t g t g g t g b g g g g g b t t b g g g b g g g g t g g g t g b b t g g g g g t g g g t g t t t g g t g g g g g g g g g g g t g g t t t t g g g g t g t g t g g g g t 
t g g g g t g b b g g b t r g g b g g g g g t b t t g g g b g g b g g g g g g g b t t g p p g t g g g g g g g g g t g g g g g g g g g g g g g b t b g g g g g g g g g t g g g t g g g g g g b g g b t g g g g g g g g t g g t g g g t g g g g g t g g b t g g g 
g g g t g g g t g g g g b r r g g g g g g g g g g g b g g g g t g g b g t g g g t g g g g p p p p t g t g g g b g g g g g g g g g t g g g g g g g g t g g g t g t t g t t g g t g g g g t t g g t g g t g b t t g t g g g g g b g g t g g g g g g g g g t g t g 
g g g g g g b g t g g g g g r g b g t g t t g g g g g g g t g g g b g g b g t t g t t b t g g g p g t g t g g t g t g g g g g t g g g b g g t g g t g g b g g g g g g g g g g g g g t g g g t g t g t g g g t g g g g g g g g g g g t g g b t g g g g t g g g t 
g g t g t g g g g g g g g g r r g g g b g t g g t t g g g t g t g g g g g t g t g g g g g g g g p g g g g g g g t g g g g t g g g g g g g g g b g t g g g g g g g b t g g g g g t t g g t g g g g g g g t g t g b t t g b t t g g g g g g g g g t b g t g g g g 
g g t t g g g g t b g g g g t r t g g g g g t b g g g g g g g g g t t g g t g g g g b g t g g g p p p p p p p p t g g g g t g g t t g g g t t g g b g g t g b g t g g g g t t g g g g t t g g g g g g g g g g b g t g g g g t g t g t g g g t t g g t g g g t g 
t t t g g g g g g g g g g t g r r b g t g t t g g g g t g g g g g g g g g t g t b g g g g g t g g g t b g g g p p g g b g g g t g g g b g g g g t t g g g g g g g g t g t g g g g t g g g g g g t g g g g g g g g g t g b g g g g g t g g g t g g g g g g g g g 
t g g g g g g b g g g b g g g g r g b g g g t g g g g t g g t t g g b g g g t g g g t g g g g g g g g g t t t t p t g g g g g g g g t g g g g g g g t g g b g g t b g g g g g g g g g g g t g g g t g g b t t b g g g g t t g g g t t g g g b g g g g t t g g g 
g g g g g g g g t g t g g t t g r r g g g g b g g g g t g g g g g g g t g g g t g g g g t g t g t t g g g b g g p p p p p p g g g g t g t g g g g g g g g g g g b g g g g g g g t g t g g g g g t g t g g b t g t g g g g t t g g g t g g g t b g g g t g b t g 
g g b g g b g t g g g t g g g g t r g t g g g g g g g g g g g g t g b g g g g g g g t g g g b t g t t g g g g g g g t g g p p p t g g g g g g t g g g g g b g t g g g g g g g g g g g g g g b g g g g g t g g g g g g g b g g g g g g g g g g t g g g g g g g g 
g g g g g g g g g g g g g g g g g r r g g g g g g g g g g g t g b g t g g g g g g t b g g g t g g g g g b t g g t g g g t g t p g t g t g g t g g g g g g t g g t t g t g g g g g g g g g t g g g t g t g g g g g t g g g g g g g g g g g t t g g g g g g g g t 
g g t g g g t g g g g g g g g g g t r g g g t g g g g g g g g t g g g g g g g g g g g g g g t g t g g g b t g g g b g g t g g p p p g g g g g b b g g g t g g g g g g g g t g g g g g g t g g t g g g g g t g g g g t t g g g g g g t b g g t g g g g g t g g g 
g t g g g g g t g g g g g g g g g g r r t g g g g t g g g g g g g g g g g b g g g g g g g t t g g g t t g g t g g g g g g g t b g p p g g t t g g g g t g g g t g g g g g g g g g g g g g g g t t g t g g g g t g g b g g b g g g g b g g g g b g t t g t g g t 
g g g g g g g g g g g g g g g g g g g r b g t g b g g b g b g g g g g g g g t g b g g g g g g g t g t b g g g b g g g g g g g b g b p t g t t g g g g g g b t t g g g g g t g t g g g g b g g g g g t t g g t g t g g b g t g g g g t t t g g g g g g g t g g g 
g g g g g g t g g t g g t g g g t b r r g g g g g b g g g g g t g g t g g g t g g g b b t g g g g g g g g g b t g g g g g b g g g g p t g g g g g t g g g g g g g t t g g b g g t g g g g g g b g g g t g g t t t t t g g g g t t g g g g g g g b t t g g b t g 
g b g t g g g g g g t g t t t g g g r g g g t g g g g g g g g g t g g t g t t g g g g g g t t t t g g g g g g g g g g g g g g b g g p b g g g g g b g b g g g b g g g t g g g g g g b t g g g g g g t t g t g g g g g g g t t g t t g t b g g t t t g g g g g g 
g g g g g t t g t g g g g g t t g r r g g g t g b g g g b g g g t g g g g g g g g g g g g t g g g g g g g g t g g t g g t t g g g g p p g b g g g g t g g g g t g g g g g t t g g g g b g g g g g g g g g t t g b g g g t g g t g g g g g g g g g g g g g t g g 
g g g g t g g g t g b t g g g t g r g b b g t t g g g g t g g g g g g g g g g b g g g t g g g g t g g g g t g g b g b g g g g g g g g p g g g t g g t g g g g g g g g g g t g g g t g b g g g g g g g b g g g g g t t g g g g g g g g g g g t g t g b g g g g g 
g g b g b g g g g g t g t b g t g r g b g t g g g g g t g g g g g g g g g g g b g g g g g g g g t b g t g g g g g g g t t g b g t g g p p p g g g t t g g t g g g g g t g g g t g g g g g g t t g g t t t g g g g t t g g g g t g g g t t g g g g g g g g g t g 
t t g g g g g g b g g g g g g g r r g g t g g g g t g t g g g g g g g g g g g g g t t t b t t t g g g g g g g g g g g g g g g g t g g g b p p g g g t g g g b b g t g g g g g g g g g g b t g g g g g t t g g t g g g g g g g g g g g g g b g t g g g g g g t g 
g g g g g g t g g g t g g g t g r t t g g t g g g t g b g g g g g g g t g g t g g g g g t g t g g g t g g t g g g t t t g g g g g g t g g g p p p p g g g g g b g t t g g b g t g g t g g g g b t t g g g g g t t t g g g g g t g g g g g t g t g t g g b g g g 
g g g g t b g g g g g t g t t r r g g g t g g b t b g g g g g g g g g g g b g g g t t g g b t g t b b g g g g g g g g g g g g g g g g g t g g g g p p t b g g g g t g g g b g g g b t b g g g g g g t g g t g g g g g t g g g g g g g g g g g g g g t g g g g g 
g g g g t g g g g b g g g g g r g g t g g g g t g g t g t g g g g g g g g g g g t t b t b g g g g b g g g t g g g g t t t g g g g g g g t t g g g g p t t g g t g t t g g g g g g b t t g g g b t g g t g g g g g g g g g t g b g b g g t g g g b g g g g g g t 
b g g g g g t g g t g g g g r r g g g b g t g g g t g t t g g g t g g g g t g t t g g g g g g g t g g b g g g g g t t g g g g g t g t g g g g g g g p b g g g g g g g g g g g g t g t g g g b t g g g g t t g g g g g g g g g t g g g g g g g t g g t g b g g g 
g g g b g g g g g g t t g g r t t t t g g g g g t g b t g g g g g g g g g g g g g g g g g g t g g t t g g t g g g t g g g g g g g t g t t g g t g g p g g g g b g g g g g g g g g g g g g g g g g g t g g t g g g g g g g g t t g g g g g g t g g g g g t g g g 
g g g g t b g t g g g g g g r g t g g g g t g t g g g g g g g g g b t g g g g t g g g b g g g g g g g b b g g g g g t g g g t g g g g g g t g g g g p g g g g g g g g g g g g t b g g g g t g b g b g g g g g g g g g t g b g g g g g g g g g g b t g t g g g t 
t g g g g g g g g g t t t r r g t g g t b g t t g t g g g g g g g g g t g g g g g g g g g g g b g g g t g g g g g g g g t g g g t t g t g t g g g g p p p p g t g g g g g g g g g g t g t g t t g g g g g t g g t t g g g g g g g g t t g g g t g g g g g g g g 
g g t t t g t g g g g g g r t g g t g t g t g t t g g g g g g g g t g g t b g g g t g g g g g g g g g t g g g t g g g g g t g g g g t t g g g t g g t g g p g t t g g g g b t t g t g g g g g g g g g t g g g g b g g g g g g g t g t g g g g g b g g g g g g g 
g g t t g g g g g g g g g r r t g g g g g g g g t t t g g g g t g g g t g g g g g g g g t g b g t g g g g b t g g g g t g t g g t g g g g g g g g g g g g p g g g g t g g t g g g g g g g b g g g g g g g g t g t g g g t t g g g g t t t g g g g g t g b g t g 
g g g g g g g g g g g g b g r g g b g g g g g g g t t g g t g g g g g b g g g g b g g g g g g g g g g g g g b g t t g g g g t t g g g g t t t g g t t g g p g g t g g g g g g g t g g g g g b g g g b g t g t g g g t g g g g t g g g g g g g t g g t g g g b g 
g t t t b g g g g g g g g g r r t g t g g t g g t g g g g g g g g g g b g g g g g g g g g g b g g g t t g g g g g g g g t t g g t t g g g g g g t g g g g p p p p g g t g t g t g t g t g g b g g g g g t g g g g g t g g t g g t t t g g g g g t g g g g g g g 
b g g g g g g g g g g g g g g r b g g g g g g g g g t g g g g g g g t t g t g g g g g t g t g g t g g t g t g t g g g g g t g t t g t t t g t b g g t g g g g t p t b g g g g g g g g g g t g g g b g b g g g t g t g g g g t g g t g t g g g g g b g g g g g g 
t t g g g t t g t g b g t g b r g g t g t g g g g g g t g g g g g g g t g g g t g g t t t g g g g g g g g g g g g g g t t g g g g t g t g t g g g g g g g g g t p g g g t g g g t g g g g t g t g g g g g g g g g g g t g t g g g g t g g t t g g g b g g t g g 
g g t g g g t g g t b g t g t r r g g b t g g t g t g t t t g t g t g g g g g g g g g g t g g g g b g g t g g b g g b g t b g g g g g g g g g g g g g g g g g t p g g g g g g g g g t b g g g g g g g g g g g g t t t g g g t g g g g t g g b t g b g t g t t g 
g t g g g g g t g g t g g g g g r b b g g g g g g g g t g g g g g g b g b g t g t g g g g g g g t g g b g g g g g g g g g g g g g g g g g g t g g g b t g g t t p g g g g g g g g g b t b g g g g g g g g g b g g g g g g g g g g t t g g g g g g g g t g g g g 
g g g t g g t g g g g b g g g t r r g g g g g g g g t g g g g g g g g t g t t g g t g b g g g b g g g g t g g g t g g t g g g g g g g t g g g g g g g g g g g g p g t g t t t g g g g g t g t g g t g t g g g g g g b g g g g g g t g g g g g g g g g g g g g g 
g g g t t t g g t g g g b g t g g r t g g b g g g b t t t g g t g g g g g g g g g g b g g g g t t g g g g g g g g g g g g g t g g g g t g t g g g t g g g g g g p p t g g b g g g g g g g g b g g g g g g b g g b g g g t g t g g g g g g t g g b g t g g t g g 
g g g t t g g g g g t g b g g t g r r g t t g g g g g g g g g g g t g t g g g t t g g g g g g g g g b g t g g t t g g g g g g g g g g g g g g g t t g g g g t g t p t g g b g g g g g g g b g t t g g g g t g t g g g g t g t t g b g g g g g g g g t g g g g g 
g g g t g g t g t g g g g g g g b g r t g g g g t b t g b t g g t t b t g b g g g g t g g g t g g g t g t t t g g g g g g g g g g g g g t g g g g g t g g g t g g p p b g g g g b g g g g t t b g g g g g g g t g g g g g t g t g g g g t g g g t g g t g g g g 
g g g t g t g g b g g g b g g g g b r t g g t g b g g g t t g g g g t g g g g t g g g g g g b t g g g g g g b t t g g g g g g g g g g g g g g g g g g g t g g g g g p p g g g t g g t g t g g t g t g g g g g g g t g g g b g g g g g g t g t g g g g t g g g g 
t g g g g t g g g t g g g t t t g g r r g g g t g t g g g g g g b g g t g g g t g b t t g b g g g g g g g g g t t g g g g t g g g g t g g g g g g g g b g g g g g t g p p p g t g g g g g g g g g g t g g t g g g t g t g g g g g t g t t g t t g g g t g t g g 
g g g g g g b t b t t g g g g g g g g r g g g b g t g g g g t g g g g t g g g g g b t t g g g t t g g g g t b t t g g g t g b g g b g g g t g g g g g g t g g b g g g g g p p p p p g g g g g g g g g g g t g g g g g g g g t g g g g g g g g g g g t g t t g g 
g b g g g g g g g g g t g g g g b t g r r t g g t g g t g g g g g g g t g g b g g g g g t g g g g b g g b g g t g g g t g t g g g g g g g g g g g g g g g g g t t b g g g t g g g p p g g g b g g t g g g b g g g b t t g g b g g g g b g g t t t g g t g g t g 
t g g t g g g g g g b g g g g g t t g g r g g b g g t g g t g t t t g g g t g t g g g b g g g t g g g g g g g t t g g g g b g g g g g g g g g g t g g g t t g g g t b g g g g g g g p p g t g g g g g t g g t g g g g g t g g g g g g g t g t g g g g g b g t g 
t g g g t g g g g g g g g g b g g g g g r r g g g g g g g g t g t t g g g t g g t t b g g g g g t g t g g g g g g g g g g b g g g g g g b g g t g g g g g g g g g t g g g g t g g g g p p b g b g g g g g g g g t g t t t g g t g g g g g g g g g g g t g t t g 
b g t t g t g g g t g g t g g t g g b t g r r t t g g t g g g t b g g g g g g t g g g g b g t g g g g t t g t b g g t g g g g b t g g g g g g g g g t g t t b g g g t g g t g g t g g g p g b b g g g g g g g g g g t g g g g g b g g g t g t g g g g g g t g g 
g t g g g t g g g g t g g g g g g t t g g t r t g g g g b g t g t g g t g g g g t t g g g g t t g g g g g g t g g b g g t g t g g g b g g g g g g g g g g g t g t g t t g t g g t b g t p p g t g t g g t g g g g g g g g g b g g t g g t g g b g b t t g g g t 
g g g g g t b g b g t t t g g g g t g g g g r r g g g b g g g g g t g b t g g g g g g g g g g g g t g g g g t g g g t t g g g g t t t g b t t t g g t g g g b g b g g t g g g g t g g b g p p t t g g g g g t g t t g g g g g g g g t t g t g t t g g g g t g g 
b g g g g g g g g t g g g g g g g g g g t t b r t g t g g g t g g g g g g g g g t g b g t g g g g b g t g t g g g g g g g g g g g g g g g g g t g t g t g t g g g g g b g g g t g t g g b g p p t b g g g t b g g g g g g g g g g t g g g g g t g g g g t t t b 
g g g t g g g g g t g g g t t g g t t g g g g r r g t g t t g b g b g g t b g g t g b g g g g b g g g g g t g t g t t g g b g g t t t g g g g g b g g g g g g g g g g g g g g g g t t g g g g p p p g g g t t g g b g g g g g g g g g g t g g g g g t g g t t g 
g g g g g g g t g g g g t g g g g b g g g g g g r b g g t t g g g t g g t t g g t t g g g g t g g g g g g t g t g g g g g g g g g g g t g g g g g g g g g t g b t g g g g g t g g g g b g t g g t p p p p g t b g g g g g g g t g g g t t g t g g g t g g b g t 
g g g g g t g g g g g g g g g g t t g g g g g g r r b g g g t b t g g g g t t g g g g b g g g g g g g g t g g g g g g g g g g g g g g g g g g g b g g b b g g g g g g b g t t g g g g g t b g t g g t g p g t g g t g g t g g g g g t g g g g g g g g g g g t g 
g g g g g g g g g b t g g g t t t g t g g t g g g r r g g t t b b t g g g g t t t g t g g g g g g g g g g g t g t g g g g g g g t t g g g g t t g g g g g g b b b g t g b g g g g t t t g g g g g g t t p p p p g g g t g g t g g g g g g b g b g g g t g g g g 
g g g t g g t g g t g g g g t g g g g g t g g g g g r g g g g g g g b g g t g g g t g b g g g t t g g g t t g g t g t g t b g g g t g g g g g g g g g g g g b g g g t g t g g g g g t g g g t g g g g b g t t p g g g g g t g g g g g g t t g g g g t g g g g g 
g t g t g g t t g g t g g g t t t g g b g g g g g g r r g g g g g b g g g g g t b t g g g g g t t t g g g g g b g t t g g t b g g g g b g g g g t b t g g g g g b g g g g g t g g g t t g t t g g t g t g g g p t g g g g g g g t b g g g g t t g g g g g b t g 
t g g g g g g g b g g g b g g t g t g g g g g g g g g r r g g t g g g g t g t g g t g g t g g g g g g t g g b g g g g g g g g g g g g b g g g b t g g g g g g g g g g b g t g g g g g g g g t g g g g g t g g p p g g g g g g g g t t g g t t g t t t g g g g g 
g g g g b g g g g t b t g b t g g g g t g g g t g g g g r r g g g g t g g g g b t t g g b g t g g g g g g g g g g g b g g g g g g g t g g g g g g g g g g g b b t g b t g t t g g t t t g g t t g g g g b g t g p g g g g g t g t g g g t t g b g t g t t g g g 
g g g t g g g g g t g g g g g b g b g g g g t t g g g g g r r g b g g g g t t b g b g g g g t t g g g g g g g g g t t g g g g g g g t t g g g t g g g t g g g g g g g g t g g b b g g t t t g t g g g t g g g b p t g b g t g g g g g g g g g g g t b g g g t b 
g g g t t g g g t t g g g t t t g b g g g g g g g t g t t t r r t g g g g g g t g g b g g g t t g g g t g g g g t t t g t g g g t g g t g t g g g g g t g g g g b g g t g g g g t g g t t t g g g t g g t g g g p p p g t t g g g g t g g g t g b g g g g g g g 
g g g g g g t g g g g g g g t t t g g g g g g g b g g g g g t r r g g g g g g g g g g g t t b g g g g g g g b g g t b b g g g g g g g t g g t b t g g g t g g g g g g g g t t g g g g b t t g g g g g t g g t g g g p p p p g t g b g b g g g g g g g t t t t g 
g g g g g g g g t g g g g g g g g g b g g g g g g g t g g g g g r r t t g t g g g g g g t g t g g t g t g t g t b g g g g g g b g g g t g g g g g g g t g t g g g t g g g g g g g g t g g g g g t g t g t g g g g g g g g p p p p g g g g b t t g g g t g b g g 
g g g g g g g g g g g g t g g g t t t t g g t g g g g t g t g g g r r g g g g g g t g t g g t b g t g g g t g g t g g g g g t g g g g g t g t g g t g g g g g g g g g t g g t g g b g g t g b g g g g t g t g g g g g g g g t g p g g b g g g g g g g g t g t g 
b g g t g g g t g t t g g g g g t g g g g t t g g g g g t g g g t g r r g t g g g g g t g g g g g g g g g g g g t t g g g t g g g b g g g g g g g g g g t g g g g g g g g g g g t b g g t t g g t b t g g t g g g g g g t g b g p p g g g b g g g g g g g g g g 
g g t g b g g g b g g t g g b t g g g t g t g g g g g g g b t g g b g r r g t b t g g t t g t t g b g g g g g g g b t g b g g g g g g g t g g g g g g g g g g g g g t b g t g g g g g t g b g b g g t g g g g g g g g g g g g g g p p g b g g g g t t b t g g g 
g g g g g b g g g g g b g g g g t t g t g g t g g g t t g g g g t g g g r r g g t g g g t g g g g g g t g g g g g g g g g g g g g g g g g g g g t g g t g b g g g g b g t g g g b t g g g g g b g g b g t t g g g b g g g t t g t b p g g g t g t g g t g g t g 
t g b g g g t g g g t t g t g g g g g g g g g g g g g g g g g g t g g g b r r g g g g t g g g t g g g t g g g g g g g g g g g t t g g g g g g g t g g g g g g g g g t g g t g b g g g t g g b t g g g g t g g g g g g g g t g g g g p g g t g g g g g g g g g g 
t g t g g g g g t t g b g g g b g g g g g g g g g g g t g g g g g g t t g g r r g t g g g t g t t g g g t g t g t t t g g g g g g b g g t g g b g g g g g g g g b g g g g g t t g g g g g b g g g g g g g g g g g g g g g g t g g g p p p p p p g g g g t g b g 
g g g g g g g g g t g b g g g g g b b g t t g t g t g g g g g g t g g g g g g r r g t g t b t g g g t g b g t g g g g g g g g t g g g g g g g g t g g t g g g g g g t g g g g t b g g g t g b g b t g g g t g g b g t g t t g g g g g g g b t p p p t g g g b g 
g g g g g t g g g g t g g g t g g g g g g g g g g t t g g b b g g g t t g t t t r r t g g g g g t b t g g t g g g g t g g b g g t g g t g g g g g g g g g g g g g g g g t g t b g g g t t b g g g g t g g g g g g g t g t g g g t g g g g b b t g p p p p p p p 
t g g b g g b g g g g t g g t g g g t g g g g g g g b t g g g g g g g g g g g g g r g g g t g g g t t g g g g t g g b g g g g g g t g g g g g g g t g t g g g t g t g b g g g g g g t g t g g g g g g t g g t t g g t g t g g g g g g g g t g g g g b t t g t g 
g t g g g g g g g g t g g g g g b g t g g g g g g b g g g g g g g g g g g g g g g r r g t g g b t g t t g g g g g g g g g g b g t g t g g g g g g g g b g g g g t g g t g g g t g t g g g g g t t g g g g t g g g g g g g g g g g g g t t g g b g b g g g g g g 
g g g g g t g g g g g b b t b t g g g g g g g t g t g g t t g t t g g g g g t t g g r g t g g g g g t g t t g g g g t g g g t g g b g g g g g g g t g g g g g t g g g g g g g t g g g t b g g g g g g g g g g t g g g g g g g g g g t g t g g g g g b g g t t g 
g g g g g g g g b g t t g g g g g g g g g t g t g b g g g g g t t b g t g t g t g g r t g g g g g g g g g g g g g g g b g g g g t g g g g t g g b g b g g g g b g g t g g b g t b g b g g g t t b g g t t g b g g t g b g g t g g g t g g g b g g g t g g t g g 
g g g g g t g g t b g g g g g g g g g g g t b t b t g t g g g g t g g g t g g g g g r r b g g t b g g g g g g g t g g t t g g g g t g g g g g g t t g t t t g g g g g t g g t b g g g b g g g g g g t t g t g g g g g g t g g t g g t g g g b g g g g g g g g g 
g g g g t g g g b t b g g g g g t t g g g t g g g g g g g g g g g g t g b b t b t g t r t g t g g g t g g g t g g t g g g g t g g g b g b g g g g b g t g g t g g g g g g g t g g g g b g t g t g g g g b g g g g t g g g g g b g g g t g g g g g t g g g g b g 
t t g g t g g t g g g g g g b g g g g b g t g t g t g g g g t g g g g g g b g g t g g r g g g g g t g g g g t g g g g t g g g g t t g g g g g t t g t t t g g g g g g g g g b g g g g g g t g g g g t g g g g g g t g t b g g g g b t b g t g g g g g g g g g g 
g g b g t g g g g g t g g g g g g g g g g t t b g g g t g g t g g t g g t g g g g g g r r t g g g g g g g t g g g g g g g g g t t g g t t g t t g g g t b g g g t g g g g g g t g b g g g g g g b g g g b g t g t g g g g t g g b g t b t t b g t t g g g g g g 
g t g t g g g g g g g g t g b g b t b g t g b g g t t g g g g g g g g g g g g g t b t t r g t g g g g g g t t g g t g g g g b b g g g g t g g g g g g g g g g g g g g g t t t t t g g g g g g g g g t t b g g g g g t g t g g g g g g g t g b g g g b g g t b g 
t g g g g g t t t g g g t g g g t g g g g g g g g g g b g t t g g g b t g t t g g g t g r g g g g g t g g g g g t g g g g g t g g t g g g t g g g g g t g t t t g g g g g g b g b t g g g g g g g g g g g g g t t g b g t g g g g g g g g g g g t g g t g g g g 
g g g b g g b t g t t g g g g g g g t t b g g g g g g g t b t g g g g g g g g g g g b g r r b g g b b g t t b g b t t g t g g g g g b b g t g g g g t g g g g g g g b g g g g g t g g g g g g g b g g g g g t g b g g g t g g g g g g g g g g g g t g g g g t t 
g g g g g g g g g t t g b g g g g g t g b g t g g b g g g t t g g g g t t g g g g g g g g r g g b g g g g t t g g t g g g g g g g t g g g g g g g t g g t g g b g g t g g g t g g g g g g g b g g g t t t b g g g b g g g g g t g t g g g g g g t g t t g g t g 
g g g g g g g g g t g b g g g g g g g t g g t g g b g g g g t g g g g g g g g g g g t g t r g t g g g g g g g b g g g t g g g b g g g g g t g g t g g g g t t g g g g g g g g t g g g g g g g b g t g g t g t t g g g g g t g g t g g g g g g t g g g g g g g t 
t t b g b g g g g t g g g b g g g g g t t t g g g g g t t g g g g g t t g g b g t g g t g r r g g g t g g g b t g g g b g g g g g g t g t t g b g g g g t t g g g b g g g g g g g t g g g g g g g g g g g g g g g g t g g t g g g g g t t g g g g g g g g g g g 
g g g g g g g g g t g g g g g g g g g g g g g g g t g g g t t t g t g g g t g g g t g g g g r g g t g g g g g g t g g g g g g g g g t g g t b g g g b g g g g b g g g g g g g g g g g t g g g g g g t g g g t g t g g g g b g t g g g g g t t g g g t g b g g t 
b g g g g g t g g t g g g g g g g g g g g g g g g g g t g t g g g g g t g g g t g g t g t g r g g t g g g g t t g g g g g g t g t g g g g g g t g g g g g t t g g g g g g g g t g g g g g g g g g g g g t g g t g g g g g t g g t t t g g g g g g t g g g b g g 
g g g g g g g g g g g g g g g g g g g g g g g g t b g g g g g g g g g g g g g g g g t g g g r g g b g g g g g g g t g g g g t g g t g g g g b t g b g g g t b t t g g g g g g g g g g t g t g g g t g g g b g g g g g g g g t t t g g g g g g b g g t g g g t t 
t g g g g g g g g t g t g g t g g g b g g g g b g g g g g g g g t g b g g g g g g g g g b g r g g g t t t g g t g g g t g g t g g g g t g g g g t g t g g g b g g g t b t t t g g t g g g g b g g g g g g t g g t g t g g g g b g t g g g g g t g g g b g t g t 
g g g g t t t b t g g t t g g t t b g g g g g t g g b g g g g t g t t g t t g g b g g t g g r g t g b g g t g b g g g g t g g b b g t g g g g g g g g g g g g g g g g g g b g g g b g t b g t g g g g g t g t g g g g g t g t t t t g t g g t g g g g b g g g g 
g g g g g g t g g g g g g g g t g g t g g g g g g g g g b g g g g g t g g g g g g g g g t g r t g g g t g g g g t g t g g g t g b g g g t g g g g g g g g g g g g g g g t g g t g t g g g g g t t t g g g g g g g b t g g g g b g g g g g t g t t g g g g g g g 
t g g g g g g g g g t g t b g g g t g g g t t t g g t g g t t g g g t g g g g t g g g g g t r g g g g g g g t g g g g g g g g b g g t g g t g g g g t g t g g g g b g g g t g g t b g g g g g t g g g b g g g g g t g g g g g g g t g g g g g t g t g g t g g g 
g g t g g g g t t g g t g b g t t g g g g g t g g t t g g g g b g g t g t g g g g g g g t r r g t t g g g g b g g g g g g g g g g t g g g g g g g g g g g g t t t g g g g g g g g g g g t t g g g g g g g t g t g g g t t g g g g g t g g g g t t g g g g g b g 
g g t b g b g g g g g g t g g g g g g g g g g g g g t g g t g g g g g t g b t g t g g g g r t g g t t g g g t g g g g t g b g g g g t g g g g t g t g t g t t t g t g b g g g g t b g g g g g g g g t t g g g g g g g g g g g g g g g g b g t g g g g t g g g g 
g g g g g g t t g g g g t t g g g g t b g g g g g g g t t g g g g t g t g g g t g b g g g r g t g g g g g g g g t t g g g g g g g g t t t g g g g g t g g g g g g g g g t g b g g b g g t g t g g g t g g g g g g g g g g g g g b g g b g b g g g b g g t g t t 
b g g g g t g g b g g g g t g b g t g g g g g g g g g g g g t t g g t g g g g g g g g g g r b g g g g g g t t t t t g b g g t g g g g g g g g g g g g g g g g g g t g g b g g g g t g g g g g g g b g g g b g g b g g g g t g t g t g g g g g g g g g g g g g t 
g g g t g g g g t g g g g g t g g g g g g g g g g g b g g t g g g g g t g b g g g t b g g r g t t g g g g g g g g t g g b g g g g g g g g t g g g g g b g g t t t g g g t g g g g g g g g g g g g g g t g g b g b g t g g g g t g g t g g g g t g g g t t t g g 
p p g t b g g g g g g b g t g t g g g g t g g t g g g g g g g g t g g b g g g t g g g g g r t g g b g g t t g t b t g g g g g g g g t g g g g g g g g t g g t g g b g g g g g g g g t g g g g g g g g g g g g t b t g b g g g t g g g t g g g g t t g g g g g b 
t p p p b g g g g g g g g g g g g g g g g t g g g t g g g g g t g t t b g g g b g t t t t r g g g g g g b g g g t g g g g g g g g t g g g g g g t t t g g g g g g g g g t g g g g g b g g g g g g g g g g g b g g g g g g g g g g t t g b g g g g g b g t g g g 
t g g p p p g b t t g g g g g b g g g t g t t b g g g g g g g g b g g g g g t g g g b g b r b g g g g g g g g b g g g g g g g g g g t g t g t t g g g g g t t b b b t g g t t g g t t g g g g t g b g g g g t t g g t g g t g t b g g g g g t g g g g g b g g g 
g t g g g p g g t b g g g g g g g t g g g g g g g g b g t g g t g g g g g g t g g g t g g r g b g g g g g t g g t t b g g g g g g g g t g g t b t g g b t g g b g g g g g g g g g g g g g g b g t g g g g g t g g g g g g g g g g g t t g g g t g g g g b g g g 
