128 128
g g t g g g g g t g g g g g g g g g g g g g g g g t t g t g g g t g g t g t g g g g g g g t t g g g t g g g b g t g g g g g g t g t g g r g g g g g g g g g g g t b g g g g g t g g g t g t g g g g g g g g g g g g g g g g t b t g g t b g t b t g g g t t g b 
t t g g t g g g g g g g g g g t g g g t g g t g g g g g t g g g g t g b g g g g t g g g g g g t g g g g g g t g t g g g t g g g g t b t r g t t g b g g g g g b g g g t g g g g g g g t g g g g t b g g t g g g g g g b g g g t g g g t t g g g g b t g t g g g 
g t g g g g t g g g g g g g g g g t g g g g g g t g g g g g g g g g g g g g g g g g g b t g g t g g t g g g g g g g g g g t g g t g t t r g t b g g g g t g g g g g g g g g t b g g g g g g t g b t g t t g g t g b g g g g g g t g g t g t g t g g b t g g g t 
g t g g g g g b t t g g g g g g t g g g g g g g g b g g t g t g g t g g g g g g g g g g g g b b g g g b g g g b g g g g g t g g g g g r r t t g g g g g g g g g t g g g g g g g b t g g g g g g g g g g g t g g g g g g t g g g g t t g g g g t g g t t g b g g 
t g b g g g g g g g g g g g b g g g g g g b g g t g g g g b g g g t b g g g g g g g g g g t t t g t g t g g g g b g g g g g g b g g g r t g g g t g g g g g g b g t g b g g t g g t t g b g b g g g t g g t g b g g t g g t g t g g t g g g g g g g g g g t g g 
g g g g g g g g g g g g b g t t g g g g g g g g g g g g g g g g g g g g g g g g b g g g t t g g b g t g g g t t b t g g g t t g g t t r g t g t g b g g b g g g g b g g t g t b g t g g g b b b g g g g g g g g g g t g t g g b g g g b t g g g g g g g g g t g 
t g g g t g t g g g g t t g g g t g g g g t g g g t g g g g b g g g g g g g g g g g t g g t g t g g b g g t g g g b g g g g g g g g t r g g g g g b g g g g g t t g g t g t t t g g g g g g g b g g t g g g g g g g g g t g t g g g g t g g g g g g g g g b t g 
g g g t g g t g g g g g g g g g t g g t g g g g g g g b t g g g g g g g g g b g g g g g g g g g g g g g g g g g t g g g g g g g g t g r g t g g g g t g g g t g g t t g g g t g t g g g t g t g g g g b g t g g g g g g g g t g g g t g t g g g g g g g g g g g 
t g t g t t g t g b g g g g t t g b g t t b g t g g g g g t g g b g t g g g g b g g g g t g g g g g g t b g t g t t g g g g g g g t b r t g g g t g g t g g g g b g b g g t g g t g g t g t g g g b g g g g t g g g t t t b g g g t g t b g g g g g g t g g g g 
g g g t t g t g g g t g b g t g g t g g g t g t b g g g b g b g g g t g g b g g g g t g g t g g g g g t g g g g g g g g t g g t g g g r g g g g g g g t g t g g g t g g g b t t g g t g t g g t g g g t t t g t g g g t g g b g t g g g b g g t g g t t g g t g 
g b g g t g g g g g t g g t t g b g t b g g g g t g g g t g t g g t t g t g b g g g g g t b g g g g g g g g g t g g g g g g g b g g r r b t t g t b g g t b g g g g t g g b g g g g t g g t g g g g g g b g g b g g g g g b g g t g g g g g t g g g g g g t g g 
g b t g t g g g g t t g g t t t g g g b g g t g g g g g g g g g g g g g g g g g g g g g g t t g g g b g g g g g g b g g g g g g g g r g g g g t g g g g g g g g g g t g g g g g g t g g g g g t t g g g g g g g g g t t g b t g g g b g t b g g g b g g g g b t 
g g g g g g g g g g b b g g t g b g g g g g g g g g t g t t g g b g g g g g g g b g g t g g g g t t g t g t t g g g g g t g g b b g r t g b t g g g g g g t g g g t g g g g g g g g t b g t g t g g g g g g t g t g g g t g t t t g t g t g g t g g g t g b g g 
g g b g t g g t g t g g b g t g g b g g g g g g g g g g t g b g g g g g g t g g t t g g g g g g g b t t g g g g g g g t g g g t g t r g b t g g g g g g g g g t g g g g t g g g b g t g t g t t g g g g g g g t g g g g g g g t g g g g g g t g g g t t g g t g 
g g g g g g g g g g t g g g g t g g t b t g g g g g t g g g b t g g g g t g g g t g g t g g g t g g g t g g g t g g g g g g g g t g r g g g g g g g g t g g g t g t g g g g g t g g g g g g g g g g g g g g g g g g g g g g g g g g g g g g g g g g g t g g g g 
g g t g g g g b b t b g g g g g g g g g t g g b g g g t g g b t t g b g g g g t g g g g g g g g g t g g g g g g g g g g b t g b g r r g g t t g g g t b g g g t g t t g g g g g g g g b g g g g g g g t g t g g t t g g g g g g t g g g t t g g g t g g b g b g 
g g b g g g b g g g t t b g t t b t g g g g g g g g g g t g t g t t g g t g g g g g g g g g g t g g g b g g g g g t g g g g g t g r t g t g g g g t g g b g t g g g g g g g g b b g t t b g t g g t t g g g g g t g t g g g g g g b g g g g g t g g g g t t t g 
g g t g g g g g g g g g g g t g g b g g g b g t b b g g g g t g g g g g g g t g t t g g g g g g g g g g g g b g g b g g g g g g r r g t g g g g g g g g g g g g g g g g t g g g b g g g b g g g g g g g g g t g g g g g g g g t g g g g g g g g g g g g b t g g 
g g g g t g g g t g g g g g g g g g t t g g g g g g g g g g g g g g g g g g g g g g g t g g g g t g g g g t g g g b g t g g g g r g g g t g g g g g g t g t g g g g g g g g t g g g g g g g g b g g g g g g g g g g g g t g g t g t g t t g t t g t g g g g g g 
g g g g g g g g g g t g g g g g t g g g g g b g g g g g b t g g t g g g b b g b g g g t g g g b g g g g g g g t g g g g g g g g r g g g g t t g g g g g g g g t g g g g t g t g b g g g g g g t g g b g g g g g g g g g g g g g t g g g g t g g g g g g g g g g 
t g t g g b g g t g g g g g t g g g g g g g g g t b g g g t t g g g g g g g t g g g g g g g g g g g g t g g t t g g g g g g g r r g g g g g g g t g t g b t t g g g g g g g g g g b g g g g t g g t b g g g t g g g g g g g t g g g g g g g g g t g g g b t g t 
t g g g g g g g t t g g g t t t g g t t g g g t g g g g g b b g g g g g g g b t g t t t g g g g g b g g g g g t g t g t g g g r g g t g g g g g g g t g g g g g t t g g g b g g g g g t g g g g g g g g t g g g g g g b t g g t g g t t t b b g g b g b g g g t 
g g t g g g g g g g t t g g g g g t t g g b g t t g g g t g g g g b g g g t g g g g g g b g g g t g g g g g g g g b g g t g r r t g g t g g g g t g t g g g g b g g g g t g t g g b g t t g t g t g g g g g g g g g t g g g g t t g g g g g t b g g g g g g g g 
t t g g g b g g g t g g t g g g g g g g t g g g g g g g g g g g g t g g g g g t g g g t g t g t g g g g g t g g g g g b g g r g g g g t g t g g g g g g g g g t t b g t g g g t g g t g t g t t g t g t g g t g g t g g g g g t g t g g g g g g t g t g g g g g 
g g g g g g t g g t g g g g g t t g g g b g g g g g g t g g g t t b t g g g g g t t g g g b g g g g g g t t g g g t g g g r r g g g g t g g g g g g g g g g g g g g g g g g g g t g g g g t t g g g g g g g t g g t g g g g g g t g g t t g g g g g g g g t g b 
g g g t b g g g g g b g g g t g g t g t g g t g g g g g g t g g g g b t g g g g g g g g g g g t g b g t g g g g g t g g g r g t g g t g g t t g g g g t g g g t g t g g g g g g g t g t g g g g t t g g g t g b g g g t g t g g g g g g t g g g g t t g g t g g 
t g g b b g g g g g g g g g g b g g g g g g t t g g b g g g g b t g g g g g g g g g g g g t g g t g g g g t g g g g g t t r g t g g g t g g t t g g g t t g g g g t t g g g g b g g g g g g g g g g t g t g t g g g t g g g g g b g g g g g t g g g g g g t g g 
g g t g g g t g g g t g g g b g g g g g g g g g g g g t g g g g b t g g g t g b g g t g g g g g g g g g t g g b b g g g r r g g g g g g t g t g t b t t g g b t g g g t g g g g t g g g g g g g t g g g b g g g g t g g t g g t b g g g b g t g t g t t t t t t 
g g g g g b g g g g g g g t g g g t t t g g g b g t g g t b g g g g g g g g g g g g t t g g g g g g g g g g g g g g g g r g g g g g g g t b g t g t g g t g g g g g g g g g t g g g g g g t g g g g t g g g g g g g g t g t g g g g g t t t t g t g g g g g g b 
g g g g g g b g g g g g g t g g g t g g g t t t g g t g t g b g g g g b g t g g g g g g g b g t t g t g g b t g t g g t r r g g t g g g g g g t t g g g g g b g g g t g g g g g g g g g g g g g b g g g t t g g g t t g g g g g t g g t g g g t g b g g g g t b 
g g g g g t g g g g g g g t b g g g b g g g g g g g g t g g g g b g g g b g g t g g g g g b b b b g b g g g g g t t g g g r r g g g g g b t g g g g g b b b g g g t g g g g g b g g g g g t t g g g g g g g g t g g b g g t g g g g t g g t g g g t g g g g g t 
t g g t g g g g t g t g g g g b g g g g g g g g g g g g t g g g g g g t b g g g g g g g t g g g g g g t g g g g t g g g g g r r g t g g g g g b g t g t g t g g t g g g g b g g g t g g g g g g g g g g g g g g b g g g g t g g g t g g g g g b g t g g t t g t 
t g g t g g t g b g t g t g g t g b g g g g g t t g g g g g g g g g t g g g g b t g g g g g g b g b b g g t t g g g g g g t g r t g g t g g g t t g g g t g t g g g t t g g t g g g g t g g g g g g g g g g g g g t g g g b t g t b b g b g g t t g g t g t t t 
g g g g t g g g g g g g g g g g g g g g g g g g g t b g g t g g g g g t g g g g g g g g t g g t t g g g g g b t b g g g t g g r r g t g g g g t b g g g g t g t t g b g g t g g g g t g g g g g g g g g t g g g g t b t g g g t g b g g b b t g b g g g b g g g 
t t g g t g g g g b g g g t g t t g g g g g t g g t g t t g t g g g g t g g t g t g g t t t g t g g t g g g b g g g g g g g g g r r g g g g t b g g g t g t g g b g g t g g g b g g g g g b t t g g g g t g g g g g t g b b g g g g g t g g t g b g g g b g g g 
t t t g g g t g g t g g g t g t b t g g g g g g t g t g g g g g t t t g t g b g g g g b g g b b g g b g g t g t g t g g g g g g g r g g g g g g g g g g g g g g g g g g g g g g g t g g t g b g g t t g g g t g t t g g g g g g g g g g g t g g g g g g g g g g 
g g b g g g g g g g g g g g g g g g g g g b g g g g g g g t g t t g g t g g g g g t g g g g t g g g g g g t g g b g g g t g t g g r r g g g g g g g g g t g g g t g b g t t g g g b g g g g g g g g b g t b g g g g g g g g g g t g t g g g g g g g g b g g b g 
g g g g g g g t t t g g g g g g g g g t g g g g g g t g g g t b g t g g g g g g t g g g g g t t t g g t t g b g g g g t t g g g g t r r g g g t g t g g g g g g g g g g g g g g g g g b g t g g g g g g g t g g b g g t g g g b g g g g g g g g g t g t g t t g 
g g g g t g t t t g g g g g g g g t t t g b g g t b t g t g t g b g g g g g g g g g g g g t g t g g g g g g g g g g g g t t g g g g g r r g g g t g g g g b g g g g g g g t t g t g g b t g g t g g t t t g g g t t g g b g g t g g t g t g g g g g g t t g g g 
g g g t t g g b g g g t t t g g g b g g g g g g b g t b g g g g t g g g g t t t b g g g g g t t t g g g t g g t g b t t g g g b g t g g r g g g g t g g g g g b g g g t g g g t g g g g g g g g g g g g g b g g g g t g g g g g g b g g t g t g g g t t g g g g 
g g g g g g g t g b g g t g g g g g g g t g t g g g g g g t g g t t g g b g g b g g g g g g t g g g g g t t g g g b g g g g t g g b g g r r g g t g g g g b b t t g g g t g g g g g g g b g g g g g g g t g b t g t t b t g t b g g g g g g g g g t g g t t g g 
g g t t g t g t t t b g g g g b g g g g g g t g g t g g g g g t t g g g g g g g g t g t t g g g g t g g g g t g b g g t t b g g t g g t g r r g g g g g b g t g g g t g g t g g b g g g t t g b g g g g g g g g g g g g g g g t g g g g g g t g g g t g b g g g 
t g t g g g g g g g t g g g g g t g g g t t g g g g g g t g t g g g g t g g g g g g t g g g g g g g g g g g g g g g g g g b g g g g g t g g r t g t g g g t g g g t g g g g g g g g g t g b t g b g g g g t g g g b t t g g g g g t g g g t g g g g g b g g g g 
t t g g g g g g g g t g g g g g g g g g g g t g t g g g b g t g t g g g g g g g g t g g g g t g g t g g g g t g g g t g g g g t g g g t g g r r g g g g g g t g g b g g g g g g g g t g t g g g g g g g g g g g g g g g g t g t g g g g g t g g g g g g g g b g 
t g g g g b g g g g t g g g t g t t g b b g g g g g g g b g g t b g g t g g t g g g g b g g g b b g g g g g g t g g g g t g g g g g g g t t t r r g b g g g g g g g g g g t g g g t g g g g g g g g g g b g g g g g b g g t t g g g t g g t g g g g g g g g g t 
g g b g t b t g g g g g g g g g g g t t g t g g g g t t g g g t g g g g g g t t g g g g g g g g t g t g g g g g g g g g g t g g g t g g t g g t r r g g g g g t g t t t g g t g g g g g g b t g g g g t g t g g g g b g g g g g g g g t t g g t t g g g g t b g 
g g g g g b g t g g g g g b t b g g g g g g t g g g g g g g t g g t g g g g g g b g g g t g g g g g g g g t g g t g g b g g g g g g t g b g g g g r r b g g g g g g g g t g t g g g g t g t g t g t g g g g g g g g t g t g g b g b g g g g g b g g g t g g t g 
g t g t t g g g g g t t g g g g t b g g g g g t t t g t t g g g b g g t g g g t t g g g t g g g g g t g t g g g g g t g g t g g t g g g t g g g g g r g g t g g g t g b g g b t g t g g b g t g t g g g t g g g t g g g g b t g g g t g g g g g g t t g g g g t 
g g g g g g g t g g g t t t g t g t g t g g g g g g g g g b g g g g g g b g g t g g t b g t t t g t g g g g g g g g g g g t b g t g g t t g g g g g r r t b g t g g g g g t g t g b g g g g g b g g g t g g t t g g g g g g t g t g g g g g g g g t g g g g g g 
t g g g t g b g g g b g g g g g g g g t g t t t g t b g g t t g g g g g t g g g g g t g g t t g g g t g g g g t g g g g g g g g g g g t g g t g g g g r r g g t g b t t b g t b t t g t g g g t t g g g g g g g g g t g g g g g g g g t g g g t g g t g g g g g 
t g g g g t t g g g t b g g g g g g b g g t b b g g g g g b t g g g t g t b t g t g g g g g g g g g g g g g g g g g t g g g g g g b g t t g b t g b g g r r g g t g g g t g g g g g g g t g g g g g g g g g g b g g t g g g g t g g t t g g g g g g g g g g g g 
t g g g g g t t g g b g g t g g g g g g g g t g b g g g g g g g g t g g g t g g b g g t g t g b g t t g g g g t g g t g g g g t g g g g g g g g t g g g g r g g t g g g t g g g b g g g b g g g g g g b g g g g g g g t g g g t g g g g g g g g g t b g t g g t 
g g g b g g g g g g t b g g g t g b t g g g g g g g g g g g g g g g b g g g g g g g g g g g g g g g g b g g g t t g g g g g g g g g g t g t g g g g g g t r r b t g g g t g g g b g g g g g t g g g t t g g g g g g g t g g g g t g g g g g g g g g g g t g g g 
g g g t t g g g g t t g g t g g g g t g g g g b g g g t t t t t g g g g b g g g g g g g g b g g g g g b g g g g g g g g g g g g g t t g g g g g g t g g g g r r g b g g g g g g g g g g g g g g g t g g g t t g g t g g g b g t g g g g g t t g g b g g t g g g 
t g b g g g g t g g g g b t t t g g g t g g g g b g g g t b g g g t t g g t t g g g g g g t g g g g t g g g g t g t g t g g g t g g g g g g t t g t g g g g b r r g b g g g t g g t g g g g b g g g g t g t b g g g g t g t t g g g t g g g g g g g g t t b g g 
g g b g b b g t g g g g t g t g g g g g g g b g g t t g b t g g g t b g g g t g b g g g g g g b g g t t g g g t g g g g g b b g t g g g g g g g t t g g g g g g r r g t g t g g b g g g g g g t g g b g g g b t g g g g g g g g g g b g g g g b g g b g g g g t 
g t t t g g g t g b t b g t g t t g g g t g g t g g g g b g g g g g g g g b g g g g t t g g g g t g t g t g g g g g g g g g g g g t g g g g g t b g g g b g g g g r g g g g g g t t g g g g g t g g g g b t g g g g g t t g g g t g g b g b t g g g t g t g g g 
g g g g g g g g g g g t g t g g t g g g b t g g g g g b g g g g b g t g g g g g g g g g g g t g b b g g g g b g g b g t g t g g g g g g g g g g g g g g g t g t r r g g t g g g g g b g g g g t g g b g t g g g g g g g b g g g g g b g g g t g g t t g g b g b 
t g t g g t g g g g g g g g g g t g g t g t g g g g g g g g t g g g g b g g g g g g g g g g t g g g g g t g g g g g g g g g g g g g g g g g g g g g t g g t g g r g g t g g g g g g g g g g g g g g g g t g t g g g g g t g g g g g t b t g g g g t g b g g g t 
g t t t g g g g g g g g g g t b g g b g g t g t b b b b t g g g g g g g g g g g g g t g g g g g g t g g g b g g g g g g g g g g g g g g g t g g b g g g g t t r r g t g t g g g g g g t g g t g t g g g g g g t g t t t g g g g g t g g g g g g g g g g g g g g 
g g t g g g g g g g t g g t g t g t g g g g g g g t g t g t t g g g g g g b g t b g t b t g g g g g t g g g g t g t g g g g g t g t g g g g g t g g g t g g g r g t g g g g g b g g g t t g g g g t b g g g g g g t t g g t g g b g g g g g g g g g g t g g t g 
g g g g t g g g g g g g g g g g t g g g g g b g g t t g t t g g g g g t g g g g g g g t g g g g g t g g g g g g g g g g g g g t g g g g g g t g g t g g g g t r g g g g g t g g g g g g g g g g g g g g g t g b g g t t t g t t g g g g t g g t b t g t t g g t 
t g g g b b t g g g g g g b g g g t b g g t g g g g g g g g g t g t t g t b g g g g g b g g t t t g g g g g g t g g g g g t g g g g g g g g g t g g g g g g r r t g g g t g g g t g g g g b g t g b g t g b g g g g g g g g g g t g t g g g g g g g g t g g b g 
g b g g t t g t g b g t g g g g b g g g b g g g g g g g g g g g g t g g t g g g g g t g g g t t g t g g g g g g b b g g g g g t b b g g g g g b g g g g t g r g g g g g t g g t g t t g g g g g g g t g g t g g t t t g b t g b g g g g g g g g g t g g t g g g 
t g g g g t g t g g g g t g g g g t g g g t t g g t g g g t g g g b t g g b g g g t g g g t g g t g g g g t g t g g g g g g g g t g g g g g g g g g g g t r r b t g g t t g g g t g g g g g g g g g g g g g g g g g t g g g g g g g t g g t g g t g g g g g g g 
t g b t g g t g g t g g g t t g g g g g t g g t t g g t t g g g g g t g g g g g g g g g g g g b g g g g t g g g t g g g g g g t g b g g b g b g g g g t g r g g b g g g g g g t g g g g t g t b g b g g g g g g b t g g g t b t g g b b g g g g t g g g g g t t 
g t g g g g g g t g g t g g g b g g g g g g g g g g g g g g t g t g t t t g g g t g g g g g t g t g t g g g g g g g g g g g g g g g t g g g g g b g t g r r g g g t g g g t g g g g b g g g t g g g t g t g g g g g g t g g t t g g g g g t b g g g g g g t g g 
g t t g t t b t t g g g t g b g t t g g g g g g g g g g g g g g g g b g t g t g b g g g g g g g g g t g t g g g g g g b t t g g g g t g g g g g g g g g r t g g g g g g g g g t b t g b g g g g t g g g g g g t t g t g g g g t t g g t t g t g g g g g t g b g 
g g g g g g g g g g g g g g g g g g t t g t g t g t b g g t g g g g g t g t g b g t g g g t g g t g g g b g g g g b g g g b g b g b g g g g t g t t g g r t g b g g g g g g g b t t t g g g g g g g b g g g b g g g g g g g g g g g g g g g b g t b t g t g t b 
g t t b t g g g t b b g g g t g g g t g t g g b t t g g g g g g g b g g g g g g t g g g g g g g g g g g g g g g g g g g g t g g g g g g g g t t g t g r r g g g g g g g g t t g g g t g t g g g g b t g g g t g b g g g g g g t g g g g g g g g g g g g g g g g 
t g g b g g g b b g t g b t g t g t g g g g g t g t g g g t g g g g t g g g g g t g g g g t g g t g g g t g g g b t g g g g g b t g g t g g g g g g t r t b g b t g g g g g b g g t g b g g g g g t g t g t b t g g g t g g g g g g g g g g b g g g t g g g g g 
g g g g b g g t g g g t t g g g g g g g t g g t t g g g g g g g g g t g t g t g g g g g g g g g t g g g g g g g g g b g g g g g g t t g g t g g g g g r g g g g t t g g g t g g g g t t g g g t g g g g g t t g g g g t g g g g g g g g g g g g g g g g g g g t 
g g g g g g g t t g g g b g g g g g g g t g g g g g t g t b g g g t g g g t g t g t g g g t t g t g b g t g t g g b t g g t g g g t g g g g g g g g r r g g g g g g g t g g g g g g t g t t g t g g g t t g g g g g g g g g g g g b g t t g t g g g g g g g b t 
g g t g g g g g g g g g t t g b g t g g g g g g g t g g g t t g g g g b b g g t g g t g g t t g g g g g g g g g g g g g g g b g t g g b g t g t g g r g t b g g g t t g g g g t g g g g g g g g g g g g g g g g g g g g g t g g g g g g g g g b g g g g g t g g 
g g g g g g g g b g t g g t g g g g g g b g t g g g g g g g g g g g t g g g g t g g g g g t t g g g g g g g g g t g g b t g g g g g t g b g t g g g r g g g g t g t g g g t g g g g g t g g t g g g g b g g g g g g g g g g g g g t t g t b g t g g g g g g g g 
g b g b g g g g g g g g t g t t t g t b t g g g t g b g t g g g g b g g t g t g g g g g g g g g g g g t g t g g g g g t b t t g b g t g g b g g g r r g g g g t g g g t g g g g t g g g g g g g g g t g g t g g t t g g g g g t g g g g t t g g t g g g g g t g 
g t g g g g g g g g g g g g t g g g g g t g g g g g g t g g g g t g g t g g g g g g g g t g g g g g g g g b g g g g g g g g g g t g g t g g g g g r g g g b t g g g g g b t g g g g b g g g g t g g g g g g g t t g g g t g g t g t t t t g g g g b t g g g g g 
g g t g g g g g g g g g g g t t t g g t g g g g g t g g g g g g t g g g g b t g g g b t g g g t t g g g g g g t t g g g b g g g g t g g g g g g t r t g g g t g g g b g g g g t g g g b g g g b t g g b g g t g t g g g g g g t t g g t g t g g g g g g g g g g 
g g g t g g g t g g t g t t b t g g g g g g g g g g b b g g g g g g g g g g g g g g g g g t g g g g g g g g g t b g g g g g t g g g g t t g b b g r b t g b g t t g g b t b g g g g t t g g g g t g g g g g g g g g g g t b g g t t g g t g g b g g g g g g b t 
g g g g g g g g b g g t t g g g g g t b t g t b g g g g g g g g g g t g g t g g t g g g g g g t g b g t g g g t g g g g g g g g t t g g g g g g r r t g t g g g g g g g g b g g g g t g g t g g g g g b g g g g b g t g t g g g b b g g g g g g b t g g g g t g 
g t g b b g t g g t t g b g b g g g g g g g g g g g g b g g g g g g g t g g g g g t g g g g g g t g g t g g t g g g g t g g g g g g g g g g b g r g g g g g g g g b g g t t g g g g g g g g g g t t t b b g g g g g g g g g g g g g g t t g t b g g g t t g g g 
b g t t t g g g g g g g g b g t g g g g t g g g g g g g t g g b g g g g g g g t g g g t t t g g g g g g g t g t t g t g g g t b t g g g g g t t r g g g b g g g g g g b t g g g t t b t g g b g b g g g t g g g g g g g g g g g b t g g g g t b g g g g g t t g 
g t g g g t t t g g g g b g g g g g g g b g b g g g g t g g g g g g t g g g g g g g g g g t g g g g g g g g g g g g g g g g g g g b g g t g g r r t t g t t t g g g g g g g t g g g g g g b g t g g g g g g b g g g g g t g g g g g g g t g g g g t g t g g g b 
g g g g g g t g g g g b g g t g g g g g g g g b g g g g g t g g g t b g g g t g g t t b g g t g t g g t g g g g g t g g g g t g t g g g g g g r g g t g t t g g g g g g g g g g g g g g g g t t g t g g g g g g g g b g g b t g g g g g g t b g t b g t g g g g 
t g t g g g g t g g g g g g g g t t g g g g g t g g g g g g b g g g t g g g g g b t g t g g g t g g g t g g g g g g g g b g b g g g t g b g g r g g t g g g g g g g g g g g g g t t g g g g t g g b t g g g g g t g g g g g g g g t g t b g t t g t g g t g g t 
g g t g g g g b t g g g g t g g g g g g g t t t g g t g g g g t t t g g t g g t g g g g g g t g t g g g t t t g b t g g g t g g g g g t g t r r t g g g g g g g g g g g t b g g g g g g g t g g g g g g g t g t g b g g g g g t g t g g g g g g t t b g g g g g 
b t g g g g g t g g g g g g g t t g g g g g g g g g g g g t g t g g g g t t g g g g g g g g g g t g g g t g g g g b g t g g t t g t g g g g r g g t t b g g g g t g g g g g t g g g g g g g t b t t g g g g g g t g g g g g t g g t g t g g g g t t g g g g g g 
t t g g g g g b t g g t t b g t t g g g g g t g g b g t t g g g g t g g g t g g g g g g g g b t g t b g t b g g g g g t g b g g g g g g b r r b g g g g g t g g g g t g g g g g t g g g g g g g g t g g g g b g t b g g g g g g g g g t g g t t g g g b g b b g 
g b t t t g g g g g g t g g g g t g g g b g g g g g b g g b g g g g g g g g t g t g g g t t t g t g g g g g t g g g g g g b g g g g g g g r g g g g g g g g g g g t g g b g b g t g t g g g t g g g g g g g g g g g g g g g g g g g t g t b g t g g g g g g g g 
g g g g g t t g g g g t b g t g t g g g t t t g g g g g g g g g t g g g g g b g g g t t g g g g g g g g t g g t g g g g g g b g b g t g r r g b g b g t g g g t g g g g g g g g g g g g g g t g g t g g b g g g g g g g g g t t g g g g g t g b g g b g g g g g 
t g g g t g b g g t t g g g t g g g g g g t g g g g g g g g g g b g g t b g t g g t g g g g g g g t g g g g g g t t g t t t g g t g g g r b b g t g g g t g g g g t g g g g g g g g g g g g g g g t b g g g g g b g g g g g g g g g t g t g b b g t g g g g g g 
t g g g g g g g t g t g t t t g g g b g g t g g g t g g g t g g g g g g g g t g g g g t g g g g t g t g g g g g g g g g t g g g g g t r r g g g g g b t g t g g g g b g g g g g t g t g g g g g g g g t g g t b g t g b t g g g g g g g g g t g g g b t g g b g 
t t t g g g g g g g t g g g g g g g t g t t g g g g g b b g g g g g g g g g g g g t g g g g b g b g g t b t g g b t g t g g g g g g t r g g g t g t b g g t g b g g t t t g t g t t t t g t g g g g g g g t g g g b g g g t g g g g g g g g g g g g g g g t g g 
g g g g t g g g t g g t g g g g g g g g g t g g g t g g g g g t g b g g g g g g g g g g t g g g t g g g g g t g t t b g g g g g t g r r g g g g t g g g g g b t b g g g t b g g g g g g g t g g g t t g g g g g g g g t g g b g b g g g g g g b g g g g g g g g 
g g t g g t g g t g g g g g t g g g g g g g g b t g g t t g g b g g t g t g g g g g t b g t g g g g g g t g g g g g g t g g g g t g r g g g g g g g g g g g g t g g g g g b g g g g g g g g t g g g g t g g g g g g t g g g t g t g g t g g g g g g t g g g g g 
g g g b g g t b b g g b b g g g g g g t g g g g g g g t t b g g g g g g g g t g g t g g g g t g g g g b g b b g g g g g t t g g g r r t g b g b g g t b g g g g g g b g g g g t g g g g g g g g g g b b g g g g g b g g t g t g g t g b g g b b g t g g g g g g 
g g g t g g g t g g t g g g g g g g g g g t t g g g t g t g t g g g g g t g g g g g g g g t g t g g t t g g t b g g g g g t t t t r g g t g g g b g g b t t g g b g g g t g g g b g g b g b g t g g g g g g t g g g t g g t g g g t t t t g g b g g g g g g g g 
t t g g g g t g g g t g g g g t g g g t g g g t b g g t g g g g g g g g t g t g g g g g g g t t t g g g t g b b g g g g g g g t r r g b g t g g t t g t g g g g g b t g g g t g g g t g g b b t g t g g g t t g g g g t t g t g g g g g g t g g g g t g g b g t 
g g t t g t g b g g g g g g g g g g t g g g g g g b g g b g g g g t g g t t g g g t g g g g g g g g t b g g g g g t g g g g t g r g g g b t g g g g g g g g t g g t g g g g t g g t t t b g g t g g t g g g g g g b g g g g g g g t g g g g g g g g g g b b t g 
b g b g g g g g g g t g g g g g g t t t g g g g g g g g t g g g g g g g g g g g g t g g g g t g t g g t g g t g t t t g t g g g r r g g g b g g t t g t g t g g g g g g g g t g g g g g g g g g g g g g g g g t g g g t g g g g g g g t g g g g g t g g b g g g 
g g g g g g g g g t g g g g g g g g g g t g g g b b g g g g g g g g g g g t g g g g g g t g t b g g g g g g g g g g g g g g g g g r r g g t g g g g t t g t t g g g t g g g b g g g t g g g g g g g t t t b g g g t t b g g b g g g g g g g t g t g g t t b t g 
g g t g g g g t g t t t b g g t t g g g g b g b g g g g g g g t g g g g g g t g g g t t t g g g g t g g g g b g g g g t t g g t g g r g g g g t g g g g g g t g t t t g g t b g t g g t g t g b g t g g g g g g g g g g g g t t g g t g g t g g t g g g t g g g 
g g g g g t g t g g g g g g b g g t g g t g g b b t g t t g g g g g g t t g g b g g g g g g g b t g g g t g g g g b g t g g g g g g r r g g t g t g g g g g g t g t g g b g g g g g g g g g g g t g g g g g g t g g g g g g g t g t g t g t t g g g t t g g g g 
t b g g g g g t g t g g t g t g g g g g t t t g g g g t t g g t g g g g b g t g g t g g t g t g g g g g g g g t g g g t g g g g g t g r r g g t g g g g g t g g b b t g g g g t g t g g g t g t g t g t g t g g g g g g g g g g g t g t g g g g g t g g g t g g 
g g b g g t g g g g g g t b g g g g g g g g t g g g t t g g b g b t g g g g g g g t g g g g g g g t g g g g g g b g t t g g g g t b g t r g g g t g g g g g g g g g t g g g g g g b g g t t g g g g g b g g g g g g g g t g t g g g t g g t t g g t g g t t g g 
b g g g g g b g g g g g t t g g b g g g t g t g b g g g g g b t g t g g b t g g g g g t g t g g g t t g g g g t t b g g g g g g g g g g r r g g g g g g g g b g g b g t b g g g g g b g b g g g g g g g g t t g g g g b g g g g g g b g g g g t g g b g t g t g 
g g g g g g g g g g g g g g g g t t g g g b g b g g t g g g g t g g g g g g g g g g g g b t g g b t t t g g g g g g g g t g g g g t t t g r g t g g g g g g g g g g g g g g g g g g g g g g g g g g t t g g g g g g t g g t g g b g g g g g t g g t g g g g g g 
g g g g g g g g g g g g t g g g g g g b g g g b g g g g g g g g g g g t g t g g t g g g g g t g t g g g g t g g g t t g g g g g g g g t g r r g g g g g g g g g g t t g g b b g g g g g g g g g t g g g g t g g g g g g g g g g g g b g b g g g g g g g g g g g 
t g t g g t g g t g g g t t g g t g g g g g t g t t g g g g g g t t g g g g g g g g g g g g g g g t g g g g g b g t g g t g g g g g g t g g r r b g g g t g g t g t t g t g t g g b g t g g g g g g g g g g g t g t t g g g b g g g t g g g g g g g t g g g g g 
g g g g g b b g b t g g g t g g t g g g t g t g g t t g t g g g g g g g g g g g g g g t g t g g g g t t g t t g g g g t g g t g g t g g t t g r g g g t t g g g b g g g g g g t t g g g g b t g g g b t g g g g t g g t g g g g g t g t b t t g g g g g t t g g 
g g b t t g g t g t t t b t g g g g t b g g t g g g g g g t g t g g t b g g t g g t b t g g g t g g g g g g g g g g g g g g g g g g g g t g g r r g g g g g g g g g g g t b g g g g g g t g b b g g g g g g g g g g g g g g g t g t t g g t t g g g g g g g g g 
g g g t g g g g t g g g g g t g g g g g g g b g g g g t g g t g g g g g g g g g t g g t g g t g g t g g g g g g g g g g g g g g g g t g g g g g r r g g g g g g g t g b t g g g t g t g g g g t g b g t g g g g t g g g g g g g g g g g g t g g g b g g t g g g 
p g g t t t g t g t t t t g g g g g g g g b g g b g g g b g g g g g g t b t g g g t g g g g g g t g g t g t b g t g g g t g t g g t g g g g g t t r t g b t g g g g g g g g g t g g t b g g g b g g g g g g g g t g g b t g t g g g g g t b b g g t t g g g g g 
p g g g g g g g b t g t g g g b g g g g g g g g g g g g g g g g t g g g g t g g t g g g g t g t t g g g g g g g g b g g g g t t g t t g g g g g g r g g g t g g g t b t g g g g g g g g g t b t g t g g t g g t g b g g g g g g g g g g g g g t g g g g g g g g 
p p p p g g t t g g t g g g g g t g t g g g g g b t g t g g g t g g g g g g g b t g g t g t t t g g g g g b g g g g g g g g g g g g t g g g g g g r g t t g t t g g g g g g g g g g g g g g t g t g g g t g g g g g g g g t g t g g g g g t t t g t g g g g g b 
g g g p g t g g g g g g t t t g g g g g g g g t g g g t g g b g g g g g g b g g t g g g g g g g g g g t b g g g g g g g g t g t t b t g g b g g g r g b g g g b g g g g g g g g g g g t g g g b t g g g g g t g t t g b g g t g g t g g g g g g g g t g g t g g 
g g g p p g g g t g b g t g t g t t g g g g t g g g g g g t g g g t g t g g g g g g t g g g g g g t g g t g g g t g t g g g g g b g t g b t g g g r r t g g g g g t g t g g g g g g b g g t g t t g g g g g t t g g g b g g t g g g g g g g t g t g g g g g g g 
t g g g p p g g g t g t t g t g g g g g g t g g t t g g g t t g t g g t t g g g g g g g g t b t g g g g g g g g t g g g g t b g g t g g t b g g g g r t g g g g g g t g t g g g g t g g t g g g t g g g g b g g t g g g b g g t g g t g g g b b g b g b g g g g 
g g g g g p g g g t g g g t b t g g g g g g g g g g b b g g g t g g g g t t t g g t g g t t g g g g g g g b g g b g t g g g g t t t g t g g g t g g r g g g g t t g g g g g g g t g g g g g g g t g g g g g g g g g g t g g t g g g g g g t g g t g t g t g g g 
g g g g g p p p p p p g g t g g g g g g t g g t t t t g g g g t g t b g g g g g t b g g g g g g g g g b g g g g g g g g g g t g g t t b g g t g g g r g g g t g t t g g g g t g g g g t b g g g g g g g g g g g t g g g g g g g g b g g g g b b g g g g g g g g 
g g g g g g b g t g p p p p g g g g g g t g g t g g t b g g g g g g g t t t g g t g g g g b t g g g g g b g g g g g g g g g g g g t t g g g b g g g r t g t g g b g g g g g g g t g g g t t t g g g b g g g g g t t g g g t t g g g g g t g g g g g g g g t g g 
t g g g t t t g g g g g t p p p p p b b g g g g g g t b g g g g g t g g g g g g g g g g g g g g g t t g g g g t g g g g g t g g g g t g g g g g g t r t g t b g g t g t g g g g g b g g b t g g g g g t g b g g g g b g g t t g b g g g t g t g g b g g b g g g 
g t g g g b g g g t b g g g g g g p p p p g g t g g g g g t b g g t g g g t g g g g g g t g t t g t g g g g g g g g g g g t g g g g g g b t b g g g r g g g g g g g g g b g g g g g g g g g g g g b g g g g g g g g g g g g g g t g g g g g g g b g g t g g g g 
g g g g g g g g g g g g g t t g g g b g p p p g g g g t g g g b g g t g g g g t t g g t t g t g t g g g g t g t b g g g g g g g b t g t g t t g g b r r t t g g b g g g g g g g g g g g g g t g g g g g t g t g g g t g g g t g g g g g t g b g g g g t t g g t 
g g g g g g g t g g g t g t g g g b g g g g p g g g g g g t g b t t g g t g g g g g t g g g g g g t g g g g b t t g g g t g t g g t g g t t g g g g g r t g g g t g g b g t g t g g g g g t g b b g g t g g g b t g g t t t t t g g g g g g g g g g b g g g g g 
g t g t t g g t g g g g g b t g g b g g t g p p g g g g g g g t g g g g g t g g g b g g g g g t g g g t g g g g b g g g g g g g t g g g g g t g g t g r g g g g g g t g t t t g t g g g g b g g g g g g g b g g g t t g g g t g g t t g b g b b g g g g t g g g 
g b t t b b g b t g g g t t g g g g g g g g g p g g g g t g t g g g g g g g g g g g g g g g g g t g g g g g g g g b t g g g b g b g g t g g t g g b g r g g g b g g g t g g t g g g g g g g t g t g g g g g g g g t g t g g g g b t g g g g g g g g g g g t g b 
g g g g t g g g g g g g g g b g t t t g g t g p g g g g g g g b g g g g t b g t g t g b g g t g g g g g t b g g g b g g g g g g t t g g g g g g g g g r g g g t g t g g g g g g g b b t g g g g g g g g g g g g g g t g g g g g g g t g g g g b g t g g g g g t 
