128 128
g g g g g g g g g b g g g g g g g g g g t g g g t g g g t g g g g g g g b g g t g g g g g g g g g g g g g g g g g b g g g g t g g g g g g g t g g g g g b g g g g g g g g t g g g g g g t g g g g g g g g g g g g g g g b g g g g g g g g g g t g g g g g r g g 
g g t g g g g g g g g g g g t g t g b g g g g g t g g g g g t g g g g g g g g g g g g g g g g g g g g g g g g g g t b g t g g g g g g g g g g g g g g g g t g g g g g t g g g g g g g g g g t g g g g g g g g g g g g g g g g g g g g t g g g g g g g g r r g g 
t g g g g g g g g g g g g g g g g g g g g g g g g g g g g g g g t g g g g g t g t g g g t g b g g g g g g g g g g g g t g g g g g g g g g g g g g g g g g g g g g g g g g g g g g g b g g g g g g g g g g t g b g b g g g g g g g g g g g g g g g t g r r t g g 
g g g g g g g g g b g g b g t g g g g g g g g g g g g b g g g g g g g t g g g g g g g t g t g g g g t g g t g g g t g g g g g g g g t g g g g b g g g g g g g g g g g g g g g g g g g g t g g g g g g g t g g g g g t g g g g g g g g g g g g g g t g r g g g g 
g b g g g g g g g g g g g g g g t g g g g g g g g g g g g g t g g g g g g g g g g g g g g g b g g g b g g g g g g g g g g g g g g g g g g g g b g g g g g g g g g g g g g g g g t g g t g g g g g g g g t g g g g g g g g g g g g g g g g g g g g g r r t g g g 
t g g g g t g g g g g g g g g g b g g g g g g g g g g g g g g g g g g g t g g g g g g g g g g g g g g g g g g g g g g g g t t g g g g g g g g g g g g g g g g g g g g g g g g g g g g g g g t g g g g g g g g g g g g g g t g g g g b t g g g g g r r g g g g g 
g t t g g g g t g g g g g g g g g g g g g g g g g g g g g g g g g t t g g g b g g g g g g t t g g g t g g g g g b g g t g g g g g g g g g g t g g g b g g g g g g g g t g g g g t g g g g g g g g g g g g g g g g g g g g g t g t g g g g g g g g r g g g g g g 
g g g g b g g g g g g g g g g g g g g g g g g g t g g g g g g g g g g g g g g g g g g g g g g g b g g g g g g g g g g g g g g g g g g t g g g g g g g g t g g t t g g g g g g g g g g g g g g g g g g g g g g g t g g t g g g g g g g g g g g g r r g g g g g g 
g g g g t g g g b g g g g g g g g t g g g g g g g g g g g g g g g g g g g g g g g g g g g g g g g g g g g g t g g g g g g g t g g b b g g t b g g g g g g g g g g g g g g b g t g g b t g g t g g g g g g g g g g g g g t g g g g g g g g g g g r g g g t g g g 
g g g g g g g t g g t t g g g g t g g g t g g g g g g g g g g g g g g g g g g g g g b g g g g g g t g g g t g t t g g g g g g g g g t b t g t g g g g g g g g g g g t t g g g g g t g g g t g g g g g g g t g g g g g t g g g g g g g g b g g r r g g g g g g g 
g g b g g g g g t b g g g g t g g g g g g g g g g g g g t g g g t g g g g b g g g t g g g g g t t g g g g g g g g g g g b g g g b g g g g g g g g g g t g g g g g g b b g g g g g g g g g g g g t g g g g g g g g g g g g g g g g g g g g g r r g g g b g t g g 
g g g g t g t g g g g g g g g g g g g g g g g t g g g g g g g t g g t g g g g g g g g g t t g g g g g g g g g g g g g b g g g g g g g g g g g g g g g g g g g g g t g g g g g g g t t t g g t t g t g g g t g g g t g t g g g g g g g g g g r g g g g g g g g g 
g g g g g g g g t g g g g g g g g g g g b b g g g t t g g g g g g t g g g g g g g g g g g g g t g g g g g g g g g g g g g g t g g g t g b g g g g t g g b g g g g g g g g g g g g g t g g g g t g g g t g g g g g g g g g g t g g t g g g r r g g g g g g g g g 
g g g g t g g g b g t t g g t g g t g g g g g g g g g g g g g g g g g g g g g g g t g b g g g g g g t g g g g g g g g g g g g g g g g g g g g g g g g g g g g g g g t g t g g g g g g g g g t g t g g g t g t g g g g g g g g g g g g g r r g b g g g g g g b g 
g g g g g g b g g t g g g g g g g g g g g t t g g g g g g t g g g g g g g g g g g g g g g g g g g g g g b g g g t t g b g g g g g g g g g t g g g g g t g g t g g g g g g g g b t g g g g g g g g g g g t b g g g g g g g g t g g g t g r t g b g g g g g g g g 
g g g g g g g g g g g g g g g g g t g g g g g g b g g g g g g g g g t g g g g g g g g g g b g g g b g g g g g g g g g b g g g t g g g g t g g g t g g g g g t t g g g g g g g g g g g t g g g g g g g g g g g b g g g g g g g g g g g g r g g g g g g g t g g g 
g b g g g g t t g g t g t g t g g g g t g g g g g g g g g t g g g g g g g g g g g g g g g g g b g g g g g t g g g g g g g g g g g g g g g g g g g g g g g g g g t g g g g g g g g g g b g g g t g g g g g b g g g g g g g g g g t g g g r g g t g t g g g g g g 
g g g g g g g g g g g g g g g g g g g g g g g g g g g g g g g g g t g g g t g g g t g g t g g g g g g g g g g g g g g g g g g g g g g g g g g g g g g g b g g g g g g g g g g g t g g g g g g g g g g g g t g g g g g t b t g g g g g g r g g g g g g g g g g g 
g g g g g g g t b g g g g g t g g g g g t g g t g t g g g g g g g g g t g g g g g b g g g g g g g g g g g g g g g g g t g g g g g g g g t t g t g g g t g g g g g g g g g g g g g g g t t t g t g g g g g g g g g g g g g g g g g g g g r g g g g g g g t g g g 
g g g g g g b g g g g g g g g g g g g g t b g t g g g t g g g g g g g g g g g g t g g g g g b g g t g g g g g g g g g g g g t g t g g g g g g g g g g g g g g g g g g g g g g g g g t g g t g g g g g g g t g g g g g g g g g g g g g g r g g t g g g g g g g g 
g g g g g g g g g t g g g g g g g g g g g t b g g g g g g g g g g g g g g g g g g g g g g g g g g t g t g g t g g g g g g g g b g g g g g t g g g g g g g g g g g g g g g t g g g g b t t g g g g g g g g g g g g g g g g g b g g g g g r g t g g g g g g g t g 
g g t t g g g g g g g g t g g g t g g g g g t g g g g t g g g g t g g g g g g g g t g g g g g g g g g t g g g g g g g t g g g g g g g g g t t g g g g g g g g g g g g t g g g g g g g g g g g g g b g g g g g g g g b g g g g t g g g t r r b g g g t g g g g g 
g g g g g g g t g g g t g g g g g g g g g g g g g g g g g g g g g g g g g g g g g t g g g g g g g t g g g g t g g g g g g t g g g g g g g g g g g g g g g g g g g g t g g g g g t g g g t g g g t g g t g g g g g g g g g g t g g g g g g r g t g g g g g g g t 
g g g t t g t g g g g g g g g t g g g g g g g g t g g g g g g g g g g g g g g g g g g g g g g g g g g b g g g g g t g g g b g g g g g g g t g g g g g g g g g g g g t g g g g g g g g g g g g g g g g t b g g g g b t g g t b g g g g g g r g t g g t g g g g t 
g g g g g b g g g g g g g g g g g g g g g g g g t g g g g g g g g b g g g g g g t g t t g g g g g b g g g g g t g g g g g g g g t g g g g g b g g g g g g g g g g b g g g g g g g g g g g g g g g g g g g t b g g g g g g g g g t g g g g r b g g g g g t g g g 
t g g b g g g g g g g g g g g t b g t g g g g g g g t g g g g g g g t g g t g t g g t g g g t g g t g g g g g g g g g g g g g g t g g g g g g g g g g b g g g g g g g g g g g g g g t g g g g g g g g g g g g g b g g g g g g b g g g g g r g b g g g g g b g g 
g g g g g g g g g g g g t g g g g g g g g g g t g g t g g t g g g g g g g g g b g g g b b g t g g g g g g g t g g g g g g g g g g g g g t g g g t g g g g g g g g g g t g t g g g g g g g g t g g g g g g g g g g g t g g g g g g g t g g r t g g g g g g g g g 
g t t g g g t t g g g g g g g g g g g g g g g t g g g g g b g g g g g g g g g g g g g g g g g g g g g g g t t t g g g g g g g g g g b g g g g g g g g g g g b g g g g g g g g g g g g g g g g g g g g g g g g g g g g b g g b g g g g g g r g g g g t g g g g g 
g b g b g g b g g g g g g g g g t g g t g g g g g g g g g t g g g b g g g g g g g g t g g g b g t g g g g g t g g g g g t g g g g g t g b g g b g g g g g g g g g t g t g g t g g g g g g g g g g g g g g g g g g g g g g t g g g g g g g r g g g t g g g g t t 
p g g g g g g g b g b g g g g g g g g g g g g g g g g t t g g g g g g t t g g g g g g g g g g g g g g g t g g t t g g g g g g g g t g g t g g g g g t g g g g g t g g g g g g g g g g g g g g g g g g g g g g g g g g g g t g g g g g g r r t g g g g g g g g g 
p g g t g g g g t g t g g g g g g g b t g g g g g g g g g g g g t g g t g t g g g g g g t g g g g g g g g g g g g g g g g g g g g g g t t g g g g t g g g g g g g g g g g g g g g g g g g g g g g t g t g g g g g g g g g t g t g g g g r g g g g g g g t g t g 
p g g g g g g g g g g b g g g g g g g g g g b g g g g g g t g g g g g g b g g g g g t g g g g g g g t g g g g g g g g t g g t b g t g g g g g b g g g g g g g g g t g t b g g g t g t g g t g t g t g b g g g g g g g g g g g g g g g r r g g g g g g g g t t t 
p p p p g g g g t g t g g g g g t g b g g g g g g g g g t g g g g g g g t g g g g g g t g g g t g g g g g g g g t g b g g g t g g g g g g g t g g g g g g g g g g g g g g g g g g g g g g g g g g t g g g t t g g g t g g t g g g g r r t g g g g g t g g g g g 
g g t p g g g g g g t g g g g g b g g g t g g g g g t g g g g g g g g g g g g b g g g g g g g g g t g g g g g g g g g g g g g g t g g g g t g g b g g g g g g g g g g g t g t g b t g g g t g g g g g g g g g g g g g g g b g g g g r g t g g g g g g t g g g g 
t g g p p p g g g t g g g g g g g g g b g g g g g g g t g t g g g t g g g g g g g g g g g g g g g g g g g t g g g g g g g g g g t g g g g g g g g g g g g g g g g g g g g b g g g g g t g g g g t g g g g b g g g g g g g t g g g r r g g t g g g g g g g g g g 
g g g g g p g g g g t g g g t g g g g g g g g g g t g g g t t g g t g g g g g g g g g g g g g g g g g b g g g g g g b g g g g g g g t g g g g g g g t g g g g g g g b g t g g g t g g g t g g b g t g g g t g g g g g g b g g g g r g g t t g g g g t g t g g t 
g g g b g p p p p p p p p g b g g t g g g g t g g g g g g g g g g g g g g g g g g g g g g g g g g g g g g g t g t g g g g g g g g g t g g g g g g g g g g g t g g g g g g t g g g t g g b g g g g g g g t g g b g g g g g g g g r r g g g g t t g g t g g g g g 
t g g g g g g g g g g g p p g g g g g g g g g g g g g g g g g g g g g g g g g g g g g g g g g g g g g t g g g g g t g g g t g g g g g g g g g g t g g g g g g b g g g g g g g g g g t g t g g g g b g g g g g g g g g g g g g g r b g g g g g t b g g g g g g g 
g g g g g g g g g g g g g p p b g g g t g g g g g g t g g g g g g g g g g t g g g t g g b g g g g g g g g g b g g g g g g g g g g t g g g g g g g g g g t g g g t g g g g g g g g g g g g g g t g g g g t g g g g g g g g g g r r t g t g t g g g g g g g g g g 
g g g g g g g g g g g g g g p g g g g g g g g g g g g g g g g g g g g g g g t g g g g g g g g t g g g g g g g g g g g g g g t g g g b g g g g g g g t g t g g g g g t g g g g g g g t g t g g g g g g g g g g g t t g g g g r r g g g b g g t g g g g g g g g g 
t g g g g g g g g g t g g g p p g t g b g g g g t g g g g g g g g g g g g g g t g g g t g g g g g t g g t t g t g g g g g g g g g g g g t g g g g b g g g g g g g g t g g g g t g g g g t g g g g g g g g g g g g g g g t g r g g g g t g g g g g t g g g g g g 
g g g g g t g t g g t g g g t p g g g g g g t g g g g g g g g t t g g g t g g g g g t g g t g t t g g g g g g g g g g t g g g g g g g g g t g g t g g g g b g g g g g g g b g g g g g g g g g t g g g g g g g g g g g g g r r t g g g g t g t g g g g g t g g g 
g g g g g t b g g g g g g g g p t g g g g g g g g g g g g g g g b g b g g t g g g g g g g g g g g g g g g g g g g g g g g g g g g g g g g g g t t b g b g g g g g g g g g g g g g g t g g g g g g g g t g g g g g g g g g r g g g g g g g g g t t g g g g g g g 
g g g g g g g g g g g g t g g p g g g g g g t g g g g g g g g g g g g g g t g t g g b g b g g g g t t t t g g g g g g g g g g g g g g g g g g g g g g b t t g g g g g g g g g g g g g g g t g g g g g g g g g g t g g g g r g g g g t g g t g g t b g g g g g g 
t g g g g g g g g t g g g g g p g g g g g t t g g b g g g g g g g t g g g g g g g g g g g g g t g g g g g g g g g g t g g g g g g g g g g g g g g g g g g g g g g g g t g g g g g g g g t g t g g g g t g g g g g g g g r r g g g g g g t t g g g g g g g b g g 
b g g g g b g g g g g g g g g p g g g g g g g g g g g g g g g g g g t g g g g g g g g g g g t g g g g g g g g t g g g g g g g g g g t g g g g g g t g g g g g g g g g g g g g t g g g g g g g g b g g g g g t g g g g g r g g g g g g g g g g g g t g g g t t g 
g g g t t b g g g g g g g g t p p g b g g g t t g g g g g g g t g g g t g g g g g t g t t g g g t g g g g g g g g g g g g g b g g g g g t g g g g g g g g g g g g b g t g g g b g g g g g g g g g g t g g g g g g g g g r g g g g g g g g g g g g g g g g g g g 
g g g g g g g g b g g g g g t g p p g g g g g g g g g g g g g g g t g g g g g g g g g t g g g g g g g g g g g g g g g g g t g g g g g g g g g g g b g g g g g g g g g g g g g g g g g t g g g g g g t g g g g g g g g g r g g g g g b g g g g g g g g g g g g g 
g g g g g g t g g g t g g g g g t p p g g g g g g g t g g g g g g g g g g g b g g g g g g g g g g g g g t g g g g b g g g g g g g g t g g b g g g g t g g g g g g g g g g g g g g g g g g g g g t g g g g g g t g t g t r g g g g g g g g g g t g g g g g b g g 
g g t g g g g g t g g g g g b g t g p p g g g g g g g b b g g g g g g g g g g g g g g g g g g g g g g g g g t g g g g g g g g g g t g g g g g g g g t g t g g t g g g t g g g g g t g g t t g g g t g g g g g g g g g r r g g g g g t g g g g g g g g g t g g g 
g g g g g g g g g g g t g g g g g g t p p g b g b g g g g g g g g g g g g g g g t g g g g g g g g g g g g g g g g g g g t g g g g g g g g g g g g t g g g g g g g g g g g g g g t g g g g g g g g g g b g g g g g g g r t g g g g g g g t g g g g g g g g g t t 
t g g g g g g g g g g g g g b g g g g g p t g g g g t g g b g t g g g g g g b g t g g g g g g g g g g g g g g g g g g t g g g g g g g g g g g b g g g g g g g g g g g g g g g g g g g g g g g g g g g g g g g t b g g r g g g g g g g g g g g g g g g g g g g g 
g g g g g t g g t g g g g t g g g g g g p p g g g g g g g g g g g g g g g g g g g g g g g t g g g t g t g g g g g g g t g g g g g g g g g g g g g g g g t g g g g g g g t b t g g g g g g g g g g t g g g g g t g t g r g g g g g g g g g g g g g g g g g b g g 
g g g g g g g g g g t g g g g g g g b g g p g g g g g g g t g g g g g g g g g g g t g g g g g g g g g t g g g g g t g g g g b g g g g g g g g g g g g g g g g g g g g g g g g g g g t g g g g g t g g g g g g g g g g r g g g g g g g g g t g g g g g g g g g g 
g g g g g g t g g g g t g g g g g g g g g p p p p g g g g b g g g g g g g g g g g g g g g g g g g g g t g g g g t g g g t g g g g g g g g g g g t g g g g g g b g g g g g g g g g g g g g g g g g g g g g t g g g g r r g g g g g g g g g g g g g g g g t g g g 
g g t g g g g g g g g g t g g t g g g g g g g g p t g g g g b g g g t g g g g g g g t g g g g g b g g g g g g g g g g g g t g t g g g g g g g g g g g g g g g g g g g t g g t g g g g g t g b g g g g g g g g g g g r g g t g g g g g g g g g g g g g g g g g g 
g g g g g g g t g g g t g g g g g g g g t g g g p p g g g g t t g t g g t g g g b t g g g g b g t g g g g g g g g g g g g t g g b g g g g g g g g t g b g g b g g t g g g g g g g g g g t g g b g g g g g g g g g g r g g g g g g g g b g g g g g g g g g g g t 
g g g g g g t g g g t g g g g g t g g g g g t g g p p g g g g g g g t g g g g t g g g g g g g g g g g g g g g g g g g g g g g g g g g g t g t g b g g g g g g g g g g g g t g g g g g g g g g g b g g g g g g g t r r g g g g g g g g t g g g g g g g g g g g g 
g g g g g t g g g t g g g g g g g g g g g g g g g g p p p g g g g g t g g g g g g g g g g g g g t g g g g g g g g g g g g g g b g g g g g t g g g g g g g g t g g t g g g g g g g t g g g g t g g g g g g g g b g r g t g t g g g g g g g g g g g g g g g b g g 
g g g g g g g g g g g g g g g g g g g g g g g g g g g g p g g g g g g g g g g g t g g g g g g g g t g b g b t g t g g g g g b g g g g g g b t g g b g g t t g g g g g g g g g g g g g g g t g g g g g g g g g g r r g g g g t b t t g g g g g g g g g g g g g g 
g g g t b g g g g g g g t t g g g g g g g g g g g g g g p g g g g g b t g t g g g g g g t g g g b g g g g g g g g g g g g g g t g g t g g b g g g g t g g g g g g g g g g g g g g t t t t g g g g g g g t b g g r g g t g g g g g t g g t g g g t g g g g g g t 
g g g g g g g g g g g g t g g g g g g g g g g g g g g g p p g g g g g g g t g t g g g g g g g g g g g g g g g g g g g g g g t g g t g g g t g b g g g g g g g g g g g g g g g b g g g g g g g g g g t g g g t g r t g g g g g g g g g t b g g g g g g g g g g g 
g g g g g g g g t g g g g g g g g g g b g g g g g g t g t p p p g g g g g g g g g g g g g g g g g g b g g g g g g g g g g g g g g g g g g g g g g g g b g g g t g g g g t g g g b g g g g t t g g g g g g g g r r g b g g g g g g g g g t g g g g g g g g g g g 
g g g g g g g g g g g g g g g t g g g g g g g g g t g b g g g p g g g g g g g g t g g g g g g g g g g t g g g t g g g g g g g g b g g t g g g g g g g g g g g g g g g g g g g g g g g t g t t g g g g g g g g r g g g g g t g g g t g g g g g g t g g g g g g g 
g g t g g g g g g g g g b g t g g g g g g g b g g g t g g g g p g g g g g g t g g g g t g g g g g g g t g g g b g g g g g g g g g g t g g g g t g t g g g g g g g g g g g g g g g g t b g g g g g g g g g g r r g g g g g g g g g g b g g g g g g g g g t g g g 
g g g g g t g g g g t g t g g g t t t g g g g g g g g g g b g p p p g g g t g g g g g g g g g g g g t g t t t g t g g g g g g t g g g g g g g g g g g g g g g g t g g g g g g g g g g g g g g g g g g g g g r g g g g g g g g g g g g g g g g g g g g g g g g g 
g g g g g g g g g g t g g g g g b g g g g g g g g g g g g g g g b p p p b g g t g g g g g g g g g g b t g g g g g g g g g g g g g g g g g g g g g g g t t g t g g g g g g g g g g g g g g g g g g g g g b r r g g t g g g b g t g g t g g b g g g g g g g g g g 
g b g g t g g g g g g g t g g g g g g g g g g t g g t g b g g g g g b p t g t g g t g g g g t g g t g g g g t g g g g g g g g b g g t g g g g g g g g t g t g g g g g g t g g g g g g g t g g g t g g g g r g g g g g g g g g g g g g g g t g g g g g g g g g g 
t g t g g g g g t g g g g g g g g g g g g g g g g g t g t g g b g t g p p p p g g g g b g g g g g g t g t g g g g g t g g g g g g g g g g g g g g g t g g g g g g g g g g g t t g g g g g t g g g g g g g r g g t g g g g t g g g g g t g t t g g g g g g g g g 
g g g t g t t g g g g g g g g g g b g t g g g t g g b g g g g g t t g b g g p g g g g g g g g g g g g g b g t g g t g g g b g t g g g g g g g g g g g b t g g g t t g g g g g g g g g g g g g g g g g t r r g g g g g g g g g g g g g g t g g g g g g g t g g g 
g g g b g g g t g g g g g g g g g g t g g g g t g g g g t g g g g t g g g t p p g g g g g g g g g t g t g g g g g g g g g g g g g g g g g g g g g g g g g g g g g g g g g g g g b g g g g g g t g g b g r g g g g g g g g g g g g g g g g g g g g t g g g g g g 
g t g b g g g g g g g g g g g g g g g t g t g g g t t g g g g g g g g g g g g p g g g g g g g t g g g g g g g g t g g g t g g g g g b t g g g g g g g g g t g g g g g g g g g g g g g g g g g g g g g r r g g g g g g t g g b g t g g t g g g g g g t g g g g g 
g g g g g g t g g g g g g g b g g g g g g g g g g g g g g g g g g g g g g g g p g g g b b g g g g g t g b g g g t g g g t g g g g g t g g g g g g t t g g g g g g g g g g g g g g g g g g g g g g g r r g g g b g g g g g g g g g g g g g g g g g g t t g g g g 
g g g g g g g g g g g g g g g g g g g g g g g t g t g g g g g g g g g g g g g p g g t t t g g g g g g g g g g g g g g g g g t g g g g g g g g g g g g g g g g g g g g g g g g g g g g g g g g g g r r t g b g g g g g g g t g g g g g g g g g g g g g g g g g g 
g g g g g b g g g g g g g g g g g g g g g t g t g g g g t g t g g g g g t g g p g g b t g g g g g g g g g g g g g g g b g g b g g g g g g g g g g g g g t g g g g g t g t g g g t t g g g b g g r r g g g b g t g g g g g g g t g g g g g g g g g g g g b t g g 
g g g t t g g g g g b g g g g g t g b g g b g g g b g g g g g g g g g g g g g p p p p g g g t g t g g g g g t t t g b g g g g g g g t t g g g g g g g g g t g t b g g g g g g g g g g g g t g r r g g g g g g g b g g g g g g g g t g g g g g g g g g g t g g g 
g g g t g t g t g g t g g g g t g g g g g g t g g g g g g g g g g g g g g g g g g g p g g g g g g t t g g g g g g g g g g g t g g g g g g t g g g g g g g g g b g g g g g b g g g g t g g g r r g g g g g g g g g t g g g g g g g g g g g g g g g g t g g t g g 
g g g g g g g g g g g g g g g g g g g g g g g g g g g b g t g t g g g g g g g g g g p p p p p p g g g t g g g t g g g t g g g g g t g g g g g g g g g g g g t g g g g g g g g g g g g g g r r g g g g g g g g g g g g g g g g g g g g t t g g g g g g t g g g g 
g t g g t g t g g g t g g g t g g g g g g g g g g g g g g t g g g g g g g g g g g g g g g g t p g g g g t t t g g g g g t g g g g g g g g g g g b g g g t g g g g g g g g g g g g g g g r r g g g g g g g g t g t b g g g g g g g g g g g g g g g g g g g g g g 
g g b g g g g t g g g t g b g g t g t g g g g g g g g g g g g g g g g g g g g t g g g g g t g p g g g g b g g g t t g b g t g g g g g g g g t g g g t g g g g g g g g b g g g g b g g r r t g g g g t g g g g g g g b t g g b g g g g g g g g g g g g g g g t t 
g g t b g g g g g g g g g g g g g g g g g g g g g g g g g t g b g g g g g g g g t g g g g g g p g g b g t g g g g g g g g g g g g g g g g g g g t g g g g g t g g g g g g g g g g g r r g g g g g g g g g g g g g g g g g g g g t g g g g g g g g g g t g g g g 
t g g g g g t t g g g g g g g g g g g g g t g g g g g g g g g g g g g g g g g g g g b g g g g p p g g g g g g g g g g g t g g g g g g t g g g t g g g g g t g g g g g t t g g g g r r t g g b g t g g g t g b g g g g g g g t t t g g t g t g t g g g g g g g g 
g g b g t g g g g g g g g g g g g g t g g g g g g g g g g g g g g g g g g g g g g g g g b g g g p p g t g g b g g g g g g g g g g g g t g t g g g g g g g g g g g g g g g g g g r r g t g g g g g g g g g g g g g g g g b g g b g g t t b g g g g g g b b g g g 
g g g g g g g g g t g g g g g t g t g g g b g g g g g g g g g g g g g g g g g g g g g g g g g g g p p g g g g g g g t g b t g g g g g t g g g g g g g g g g g g g g g g g b g r r g g g g g g g g g g b g g g g g g g g g g g g b g g g g g t g g g g g b g g g 
t g g g g g g g g g g g g g g g g g g g b g g g g t g g t g g b g g g g g g g g t g g g g g g g g g p p g g g g g g g g g g g g g g g b g g g g g g g g t g b t g t g g g g g r g g b g g g g g g g g g g g g g g g g g g g g g g g t g g g g g g g b g g g g g 
g g g t g g g g g g g g g t g g g b g g b g g g g g g t g g g g g t g g g g g g b g g g g g g g g g g p p p g g g g g g g g g g g g g g g t g b g g g t t g g g g g g g g t g r g g g g t g g g g g g g g g g g t g g g g b g g g g g g g g g t g g g b g g g g 
g g g g g g t t g g g g g g g g g g g g t g g g g t g g g g g g g g g g g g g g g g t g g g g g g g g g g p g g g g g g t g g g g g g g g t g g g g g g g b g g g g g g g g g r r g g g g g g g g t g g b g g g g g g g t g t g t g g g g g g g g g t g g g g g 
g g g g g t g g g t g g g t g g g g b g g g g g g g g g g g g g g t g g g g g g g g g g g g g g g g g g g p g g g g g g b g g g g b g t g g g g g g g b g g g g g g g g g g g t r g g g g t g g g g g g g g g g g g g g g g g g g g g g g g g g t g g g g g g g 
g g g g g g g b g t g g g g g g g g g g g g g g t g g g g g g g g g g g g g g g g g b t g g g g g g g t g p p t g g g g g g g g g g g g g g g g t g g g g g g g g g g g g g t g r g b g g g g g g g g t t g g g g g g t g g g g g g t g g g g g g g g g g g g g 
g g g g g g g g g g g g g g t g t g g g g g g g g g g t t g g g g g g g b g g g g g g g g g g g g g g g g g p p g g g g g b g g g g g g g g g g g g t g g g g g g g g t t g g g r r g g g b g t g g g g t g t t g g g g t g g t g g g g g g g g g g g g t g g g 
g g g t g g g g g b g g t g g g g b g g g g g g b b g g g g g t g g g g g g g g g g t g g t g g t g g g g t g p g g g g t g g g g g g g g g t g g g g t g g g g g g g g g g g g g r g g g g g g g g g t g g g g g g g g g g g g g g g g t g t g g g g b g g g g 
g g g g g g t t g g g t g g g g g g g g g g g b g g g g g g g g g g g t g g g g g g g g g g g g g g g g g g g p g g g g g t t g t g g g g g g g g g b g g g g g g g g g g g g g g r g g g g g g b g g g g g g b g g g g g g g g g g g g g g t g g g g g g g g t 
g g g g g g g g g g g g g g g g g g b g g g g g g t g t g g g g g g g b g g g g g g g g b g g g g g g g t g g p p g g g g g g g g g g g g t g g g g g g g g g g g t g g b b g g t r g t g g g g g g t g g g g g g g g g g g g g g g g g g g g g g g g g g g g b 
g g g g g g g g g b g g g g g g b g g g g g g g g g g g g g g g g g g g g g t g g g b g g g t g g g g g g g g g p g g g g g g g g g g g g g g g g g g g g g g g g g g g g g g g g r r g g g g g g g g g g t g g g g g g g g g g g g g g g g g g g t b g g g g g 
g t g g g g g g g g g g g g g g g g g g b g g g t g g g g g g g g g t b g g t g g g g g g g g g g g g g g g g g p p p g g t g g g g g b t g g g g g g g g g g g g g g g g b b g g g r t g g g g t g g g t g g g g g g g g t g g g g g g g g g g g g g g g b g g 
g b g t g g g g g t g g g g g g g t t g g t g g g g g g g g g g g g g g g g g g g g g g b g t g g g g g g g g t b g p p p g g g g g g b g g g g g g g t g g g g g g g t g g g g g g r g g g g g g g g g g g g g t g g g g g g g g g g g g b g g g g g g g g t t 
g g g g g g g g g g g g g g g g g g g g b g g g g g g g g t t t g g g g g g g g t g g g g g g b g g g g g g g g g t g g p p g g g g t g g g g g g g g g g g g g g g g t g g g g g t r r g g g g g t g g g g t g g g g g t g g g g g g t g g g g g g g g g b g g 
t g b g g g g g g g g g g g g g g g g g t g g g t g g t g g g g g g g g t t g g g g g g g g g g g g g g b g g b t t g g g p p p p p p g g g g g g g g g g g g g g g g g g g g g g g g r g g g g g g g g g g g t g g g g g g t g g g g g g g g g g g g g b g g g 
g g g g g b g g g g t t g g g g g g g g g g g g g g g g g g g g g g g g g g g g g g g t g g b t g t g g g g g g t g g g g g g g g g p g g g g g g b t g g g t b g g g g g g g g g g g r b g g g g g b g g g g g g g g g b g g g g g g g g g g g g t g g g t g g 
g g g g g t g g g g g g g g g b g g t g g g g g g g t g g g g g b g g g g b g g g g g g b g g g g g g g g t t g g g g g g g g g g g p g g g g g t t g g g g g g t t g g g g g g g g g r r g g g g g g b g g g b g g g g g g g g g g g g g g g g g g g g g g g t 
g g g g g g g g g g g g g g g g g g b g g g g t g t t g g g g g g t t g g g g g g g b g g g g g g g t g g g g g t g g g g g g g t g p g g g g g g t g g g g g g g t g g g g g t t g g g r t t t g g g g b g g t g g g t g g g g g g g g g g g g g b g g g g g g 
g g g t g g g g g g g g g g g g g g g g g t g g t g g g g g g g t t g g g g g g g g g g g g g g g g g g g g g g g g g g g g g g g g p p g g g t g g g g g g g g g g g g g g g g g g g g r r g g t g b g g b g g g g g g g g g g t g g g g g g g g g g g g g g g 
g g g g g g g g g g g g g g g g g g g g g g g g g g g g g g g g g g g g g g g g g g g g g t g g g g g g g g g g g g g g g t g b g g g p p p p g g t g g g g g g g g g g t g g g g g g g g r g g g g g g g g g g g g t g g g g g g g g g g g g g g g t g g g g g 
t g g g g g g g g g g t g g g g g g g g g g g g g g g g g g g g g g g g g g g g g g g g g g g g g g g t g g g g g g g g g g t g g g g g g b p p p g g g g g g g g g g g g b g g g g g t g r g g g g g g g t g g g g g g g g g g t g g g g g g t g g g g g g g g 
g g g g g g t g b g g g g g g g g g g g g g g g g g g g g t g g g t g t g g g t g g t g g g g b g t g g t g g g g g g g g g g g t g g g t g g g p p g g g g g g g g g g g g g t g g g g g r r t g g g g g g b g g b g g g g g t g t g t g g t b t g g g g g t g 
g g g g g g g g g b g g t g g g g g g g g g g g g g g g g g g g g g g g g g g g g g g t g g g g t g g g g g g g g t g g g g g g g g t g g g g g t p g g g g g g g g g g g g g g b g g g g g r g g g g t g g g g g g t g g t t g g g g g g g t g g g g g g g g g 
g t g t g g g g g g b g g g g g g g g g g g g g g g g g g g g t g g g g g g g g g g g g g g t g g g t t g g g g g g g g g g g g g g g g g g g b g p t t g g g t g g g g t g g t t g g g t g r r t g t g g g g g g g t g g t g g g g g g g g g g g g g b g g g g 
g g g g g g g g g g g g g b t g g g g g g g g g g g g g g t g t g g g g g t g g g g g g g g g g g t g g g g g g g g g g g g g b g g g t g g g g g p g t g g b g g g g t g g g g g g g g g g g r g g g g t g g g g g g g g g g g g g g g g g g g g g g g g g g g 
g g g g g g g g g g g g g g g g g g g g g g g g g g g g g g g g g t g g g g g g g g g g g g g g g g g g g g g g g g g t g g g g g g g g g g g t g p b t g t g g g g t g g g g g g g g g g b g r r g g g g g g g g b g g g g t g g g b g g g g g g g g t g g g g 
g g g g g g g t g g g g g g t g t g g g t g g g b g g g g b g g g g g g b g g b g g g g g g g g t t g g g g g g g g g g g g g g g g t g g t g b g p g t b g g t g g g g g g g g g g g g g g b g r g g g g g g g g g g g g g g g g g g g g g g g g g g g g g g g 
t b g g g g g g b g g g b g g t g g g g g g g g g g g g g g g g g g g t t g g g g g g t g g g g g g t g g g g g g g g g g g g g g g g g g g g g g p t t t g g t g g g g t g g g g g g g g g g g r g g g g t g t g g g g g g g g g g g g g g g g g g t g t g g g 
g g g t g g g g g g g g g g g g g g t g g g t g g g g g g g g t g g g g g t g g t g g g t g g g b g g b g g g g g g g g g g g g t g t g g g g g g p p p p p p p g g g g g g g g g g g t g g g g r r t t b g g g g g g g g g g g b g g g g g t g g g g t g g g g 
g g g g g g t t g g g g t g g g g g g g g g g g g b g g t g t g g g g g g t g g g g g g g g t g g g g g g g g g g g g g g g t g g g g g g g g g g g g g g t t p p g g b g g g t g g t g g g g g r r t g g g g g g g g b t g g g g g t g g g g g g g g g g g g g 
g g g g t g g t b g t t g g t g g g g g t g g g g g t g g g g g g g g g g g g g g g g g t g g g g t g g g g g g g t g g g b t g g g g g g t g g b g g g g t g g p g g g g g g g t g g g g g b r r g g t t g g g g g t g g g g g g g g g g g g g t g g g g t g g 
g g g g g g g g g g b g g g t g g t g g g g g g b g t g g g g g g g g g g g g t g g g t g g t g g g g g g g g g b g g g g g g g g g g g t g g g g g g g g g g g p g g g g g g g g g g g g g r r g g g g g g g g g g g g t g g g g g g g g g g g g g g g g g g g 
g t t t t g g b g g g g g g t t g g g g g g g g g g g t g g g g t g g g g g g t g t g g g g g g g g g g g g g g g g g g g g g g g t g g g g g g g g g g g g g g p p p g g g g b t g t g g r r g g g g g g g g g g g g g g g g g g g g g g g g g g t t g g g g g 
g g g g g b g g g g t g g g g g g g g b g g t g g t t g g g g g g g g g g g g t g g g g g g g g g g g g g g g g g g g g g g t t g g g t g g g g g g g g g g g g g g p p p p g t g g g r r r g g g g g g g g g g g g g g g b g g g g g g g g g g g g g g g g g g 
g g t g g g t g g g g g t g g g g g b g g g g g g g g g g g t g g g g g g g g g g g g g g g g g g g g g t g g t g t g g g t g g g g g g t g t g g g g g t g g g t g g g t p g g g t r r g g g g t g g g g g g g g g g g g g g b g g g g g g g g g g g g g g g g 
g g g g g g g g g g g g g g g t g g g g g g t g g g g g g g g b g g t g g g g g g g g g g g g g t g g g b g b g g g g g g t g g g g g g g g g b b t g g g t g t g g g g g p g g g r r g g g g g g g g g t g t t g g g t g t g b g g g g g b t t g g g g g g g g 
g g g g b t g g g g g t g g g g g t g g g g g g g g g g g g g g g g g g g g g g g g t g g g g g g g g g b g g g g b g g g g g g g g g g g g t g b g g g g g g g g t g g g p g r r r g g g g t g t g g g t g g t g g g g g b g g g g g g g b b g g g g g g g g g 
g g g g g g g g g g g g g g g b g g g g g g g g g t g g t g t g g g g g g g g g g g g t g g g g g g g g g g g g g g g g g g g t g g g g g g g g g g t g g g g g g b g g g p r r g g g g g g g g g t g g t g g t g g g g g g g g g g g g g g g g g g g g t g g t 
g g t g g g g g g g g t t g g g g g g b g t g g g t g g g g g g g t g g g g g g g g g t g g g g b g g g g g g g g t g g g g g g g g t g g g g g g t g g t g g g g g g g g p p g g b g g g g g g g g g g g g g g g g g t g g g t g g g g t g g g g g t t g g g g 
g g t g g g t g b t g g g g g g g g g g g g t g g g g g g g g g t g t g g g g g g t g g g g g g g g g g t g g g g t b g g g g g g g g g g b g g g g g g g g g g g g g g r r p g g g g g b g g t g g g g g t g g g g g g g g g t g g g g g g g g g g t g t g g g 
g g g g g g g g g g g g g g g g g t g g g g g g g g g g g t g g g b g g t g t g g g g g g g g g g g g g g g g g g g g g g g g g g g g g g g g g b g g b g g t g g g r r r g p g g g t g g g g g g t t g g g g g g g g g g g g g g g g g g g g g g g g g g g g g 
g b g g g g g g g t g g g g g g t g g g g g g g g g g t g g g g g g g t g g g g g t g g g g t g g g t g g g t t g g t g g g g g g g g g g g g g g g g g g g g g g r r g g g p g g g g t g g g g g g g g g g g g g g g g g g g t g g g g g g g g g b g g g g g g 
g g g g g g g g g g g t g g g g g g g g g t g g t g g g g t g g g t g g g g b b g g g g g g g g g g g t g g g g g g g g g g g g g t g g g t g g g g t g g g g g r r g g t g p p g g g g g g g g g g t g g g g g b g g g g t g t t g g g g g g g g g g g g g g g 
g g g g g g g g g g g g g g t g g t t g t g g t g g t g g g g g g g t g g g g g t g g g g g t g g t g g g g g g g g g g t g g g g g g g g g g g g g g g g g g r r g g g g g t p p g g g g g g g g g g g g g g g g g g g g g g g g g g g g b g t g g g g g g g g 
g g g g t g g g g g g g g g g g g g g g g t g g g g g g t g g g g g g g g g g g g g g g g g g g g g g g g g g g g g g g g g g g g t g g g g t g g g g g g g r r g g g g g g b g p p p p p g g g g g g g b g g g g g g g g g g g g g g g g t g g g g g t g g g g 
