128 128
g b g b g g t t g t g g t g g g g g g g t g t b g g g g g g g g g g t g g b g g g g g g g g t g g g g g g g g g g g g g g t g b g g g g g g g g g g g g t g g g g g g g g g g g g g t g g g g g g g g g g g g g g g g g g g g t g g g r g g g g g g g g g g g g 
g g g g g t g g g g g g t g g g g g g g g g g g b g g g t g b g g g g g g g g g g t g g g g g b g g t t g g t g g g g g g g g g g g b g g b g g t t t g g g g g g g g g g g g g t g t g g g g g g g g t g g g g g g g g g g g g g g g r g t b g g g g g g g g b 
b g t g g g g g g t g g g g g t g g g g g g g g g g g g g g g g g g g b g g g g t g g g g g g g g g g g b g g g g g g g g g g g g g g g g g g t t g g g g t t g g g g g t g g g g g g g g g g g g t g g b g g g g g g g g g g t t g g r g g g g g t g t t g b g 
g g t g g t g g g g g g g g g g g b g b g g g g g g g g g g t g g g g g g g t g g g g g g g t g g g g g g g g g g g g g g g g g g g g g g g g g t g g g g g b g g g t g g g g g b g g g g g t g g g g g g g g g g g g g b g t g t g g r g g g g g g g g g b g g 
g g g g g g b g g g t g g g g g g g g g g g g g g g g g g g g t g g g g g g b g g g g g g g g g g g g g g g g g g g g g g g g g g g g g g t b g g g g g g g g g g g g t g g g g g g g g g g g g g g t g g g g g g g g g t g g g g g t r g b g g g g g g g g b g 
g g g g b g g g g g g g g g g g g g g g g t t t g g g g g g g g g g g g g g g t t g g g g g g g g g g g g g t g g g g g g g g g g g g g g g g g g g g g g g g g g g g g g b g g g g b g g t g g g g g g g t g t g g g g g t g g g g g r t g g t g g g g g g g g 
g g g t g g g t t g g g g t g g g g g g g b g g g g g g g t t t g g g g g g g g g g g g g g g g g g g g t g g g g g g g g g g g g g g g g g g g g g b g g g g g g g g g g t g b b g g g t g g g g g g g g g g b g g g t t g g g g g g r g g b g g g g g g g t g 
t g g g g g g g g g b g g g g g g t t b g g g t g g g g g g b g g g g t g g g g b g g g g g g g g g g g g g g g g g g g t g g g g g g g g g g g g g t g g g g t g g g g g g g g g t g g g g t g g g t t g g g g g g g g g g g g g g g r g g g g t t g g g b g g 
g g g g g g g g g t g g g g g t b g b g g g t g g g g g g b t g g g g g g g g g g g g g g g g t g g g g g b g g g g t b g g g g t g g g g g g g g g g g g g g g t g g g g g g g g g g t g g g g g g t g g g g g g b g g b g g g g g g r g g g g g t g g t g g t 
t g b g g g g g g g g g g g t b g t g g g g g t g g g g g g g g g g g g g t g g g g g g g g g g g t g g g t g g g g g g g g g g t g g g g g g g g g g g g g g g g g g b g t g g g g g g g g g g g g b g g g g g g g t b b g g g g g g r g g g g g g g g g g g g 
g g g g g g t g g t t g g t g g g g g g g g g g g g g g g g g g g g g g g t b g g g g g g g g g g g g g g g g g g g g g g g g g g t g g g g t g g g g g g t g g g g g g g g g g g g g g g g t g g g g g g g g g g g g t g g g g g g g r g t g g g g g g g g g g 
g g b g t g g g g g g t g b g g g g t g g g g g g g g g g t g g t g g b t g g g g g g g g g t g g g g g t g g g g g g g g g g g g g g g g g g t g g g g t g g g g g g g b g g g g g g g g g g g g g g g g t t g g g g g b g g g g g g r g g g g t t g g g g g g 
t g g g g g g g g g g g g g g t t g g g g g g g g g g g g t g g g g g g g t t g g g g t g b g g g g g g g g t g g g g g g g g t g t g g g g t g g g g g g g t g g g t g g g g g g g b g g g g g g g g g g t g g t g g g g t g g g t g r g g g g b g g g g b g g 
g g g t g g g g g g g t g g g g g g g g g g b g g g g t g t g t t g g g g g g g g g g g g g g g g g g g g t g g t g g g g g g t g g t g g g g b g g g g g g g g g t g g g g t g g t g g t g g g g t g b g g g g t g t g g g g g t g t r g g g g g g g g g g g g 
g g g g g g g g t g g b g g g g g g t g g g g g b g g b g g g g g g g g g g g g g g g g g g g g b g g g g g g b g g g g t g g g g g g g g t g g g b t g g g t g g g g g g g g g g g b g g g g g t g g g g g g g g g g g g g t g g g g r g g g b g g g g g t g g 
g g g g g g g g g t g g t g g g g g g g g g g g g g g g g g g g g g g g g g g g g g g g t g g g g t g g g g g g g g g g g g g g t g g g g g g g g g g g g g g g g g g g t g g g g g g g g t g g g g g g g g t g g g g g g g g g g g r r g g g g g g g g t t g g 
g g g g g t g g g b g g g g g g g g t g g g g g g g g g g g g g t g g g g g g g g g g t g g g g g g g g g g g g g t g b g g g g g g t g g g g g g g g g g g g g g g g g g t g g g g g g t g g g g g g g t g g g g g g g g g g g g r r t t t g g g g g g g g t g 
t g g g g g g t g g g g t g g g g g g t g g g g g g g g g g g g g g g g g g g g g g g g g g t g t g g g g g g b t g g g g t t g g g g g g g g t g g g g g g g g b g g g g b g g g g g g g g g g g g g g g g g g g g g g g g g g r r g g g g t g g b g g g g g g 
g g g g g g t g g g g g g t g g g g g g g g g g g t g g g g g t g g g g g g g g g g t t g g g g g g g t b g g g g g g g g g t g g g t g g g g b g b g g g g g g t g g g g g g g g g g g g g g g b g g g g g g g g g g g g g g r r g g t g g b g t g g g g b g g 
g g g g g g g g g g g g g b g g g g t g t g g g g g g g g g g g g g g g g g g g g g g g g g g g g g g t g g t g g b g g t g g g g t g g g g t g g t g g g g g g g g g g g g g g b g g g g b t g g g g t g g g g g g g t g g r r g g g g g g g b g g g g g g g g 
g g t g t g g g t g g g g g g g g g g g g g g g g t g g g g g t g g g g g t g g g g g g g g g g g t g b g g g g g g g t g t g t g t g g g g g g g g g g g g g g g g g g g g g g g g g g g g g g g g g g g g g g g g g g g r r g g g g g g g g t g g g g g g g g 
t g g g g t g g g g g g g g g g g g g g g g g g g g g g g g g g g g g g g g t g g t g g g g g g g g g g t g g g g g t g g g g g g g g g g g g g t g g g g g g g g g g g g g b g g g g g g b t g g g g g t g t g g g g b r r g g t t g g g g g b g g g g g g g g 
g g g t g g g g g g b b g b g g g g g g g g g g g g g g g t g g g g g g g t g g g t t g g g g g t g g g g t g g g g b g g b g t g g g b t g g g g g g g g g t g g g g t g t g t g g g g g g g g g g g g g g g g g g g r r g g g b g g g g g g t t g t g g g t g 
g g g t g g g g g g g g g g g g g g t g g g t g t g g t g g g g g b g g g g g g g b g t g g g g g g g g g g t g g g g g g g g g g g g g g g g g g g g t g g t g g g g g g g g g g g g g g g g b g g g g g g g g g g r r g g t g g g t g g g b g g g g g g g t g 
g g t g g g g t g g b g g g t g g g g g g g g g g b g g g g g g t g g g g g g g g g t g g g g g g g g g t g g g g g g g g b g g g g g g g g g g g g t g g t g g g g g g g g g g g g g g g g t g g g g t g g g g g r r t g t g g g g g g g g g g b g t g b g t g 
g g g g g g g g g g g g g g g g g g b g g g g g g g g g b g g g g g g g g g g b g g g g g g g g g g g g g g g g g g g g g g g g t g t g g g g g g g g g g g g g g g g g g g g g g g g b g g g g g g g g g t g g r r g g g g g g g g g g g g g g g g g g g g t g 
t g g g g g g g g g g g g g g g t g g g g g g g g g g t g g g g g g g g g g g g g g t g g g g g g g g g b g g g g b g g g g g g g g g g t g g g g g b t g g g g g g g g g g g g b g g g g g g g g g g g g g g r r g g g g g g g g g g g t g g t g g g g g g g g 
g g b g t g g g g g g g g g g t g g g t t g g g b g g t g g g t g g g g g g t g g t g t g g g g g g g g g t g g g g g g t g g g g g t g g t g g g g g g b g g g t g g g g g g g g g g g g g g g g g g g g g r r g g g g g g t g g g g g g g g g t g g g g g g g 
b g g g g g g g g g g g g g g g b g g g g g g g g g t g g g g g g g g g g g g g g g b g g t g g g g g g g g g g g g b g g g b g g g t t g g g g g g g g g g g t g b g g g t g g g g g g g g g g g g g g g g r g g g g g g g g g g g g g g g g g g g g g g g g g 
g t g g g g g g g g g g g g g g t g g g g g g g g g t g b g t g t g g g g g g g g g g g g g g g g g g g g g g g g g b b g g g g g g g g g g g g t t g g g g g g g g g g g g g g g g g g g t g g g g g g g r r g g t t g t g g t g g g g g g g g g g g g g g g g 
g g g g t g t g g g g g g g g g g g b t g g g g g g g g g g g g t g g g g g g g b g g g g g g t g g g g g t g g g t g g g g g t g g g g t g g t g g g g g t g g g g t g g g g g g g g g g g g g g g g g g r g g g g g g b g g g g g g g g g g g g g g b g t g g 
g g g g g g g g g g g g g g g g g g t g g g t g g g g g g g g g g g g g g g g g g g g g g g t g g g g g g g t g g g g g g g g g g g g t t g g g g g g g t g g g g g t t g g g g g g b g g g t g g g g g r r g g g g g g g g g g g g g g g g g g g g g g g g g g 
g g g g g g t g b t g t g g g g g t g g g t g g g g g g g g g g g g g g g t g g g g t g g g g g g g g g g g g b g g g g g g g g g g g t g g g g t t t g g g t g g g t g g g g g g g g t g g b g g g g g r g g g g g g g g g g g g g g g g g t g g g g g g t g g 
g g g g t g g g g t g g g g g g b g g g g g g g g g g g g g g g g g g g g g t g g g g g t g g g g g g g g g t g g t g g g g g g g g g g g g g g g g g g t g g g g g g t g g t g g g g g g g g g g g g r r g t g g g g t g t g g g g g g g g g g g g g g g g g g 
g g g t g g g g g g g g g g g g g g g g g g g g g t b g t g g g g g g g g g g g g g g g g t g g g t g g g g g g g t g g t t g g g g g g g g g g g t g t g g g g t g g g g g g g g g g g g g t g g g g r t g g g b b t g g t t t g g g g g g g g g g g g g g g g 
g b g g g g g g g b g g g g t g g g t g g t g g g g t g g t g g g g g g t g g g g g g g g g g g g g g g b g g t g g g g g g t g g g g g b g g t g g g g g t g g g t t g g g g g g g g g g g g g b g r r g g g g g g g g t g t g g g g g t t g g g g g g g g g g 
g g g g g g g g g t g g g g t g g g g g t g t g g g g t b g g g g t t g g g g t g g g g t g g g g g g t g t g g g g g t g g g g g g g g g g g g g g g g g g t g g g g g g g g g g g b g g g g g g g r g g g g g g g g g g g g g g g g b g g g g t g t t g g g g 
g g g g g t g g g g g t g g g g g g g g g g g t t g b g g g g g t g g g g g g b g g g g g g g b g g g g g g b t g g g g g g g g g g g g t g g g g g t g g g g t g g g g g g t g g g g g t g g b g r r g g g g g g g g g g g g g g g g g g g g g g t g g g t g g 
t g t g g g g g g g g g t g b g g g g g g g g g g g b g g g g g t g g g g g g t g g g g g g g g g g g g g t g b g g g t g g g g g t g g g t g g g g g g t g g g g g g g g g g g g b b g g g g g g r g g g g g t g g g g g g t g g g g g g g g g g g g t g t g b 
g g g g g g g g g g t t g t g t g g g g g g g g g t g g g g g g g g g g g g g t g g g t g g b g g g g g g t g g g g b t g g g g t g g b g g t g g g g g g g g g g g g g g g g g g g t g g g g g r r g g g t g g b g g g g g t g g t g g g g g b g g g g t g g g 
g g g t g g g g g g g g g g g g g b g g g g g g t g g g g g g g g g t g g g g g g g g t g g g g g g g g g g g g g g g g b g g g g t g g g g g g g g g g g g g g g g g g g g g g g g g g g g g g r t g g g g g g g g g b t g t g t g t g g g g g g g g g g g g g 
g t g g g g g g g g b g t g g g t g g g g g g g g g g g g g g g g g g g g g g g b g g g g g g g g g g g g g g g g g g g g g b g g t g g g g b g b g g g g t g g b g g g g g g t g g g g g g g r r g g g t g g g g g t g g t g g t g g g g g g g g g g g g g t t 
g g g g g g g g g t g g g g g g g g g g g t t g g g g g g g g g g g g g g g g t g g g g g b g g t g g g g t g g g g t g g g g g g g g g g g b g g g g g g t g g g g g g g g t g g g t g g g r r g g g g t g g g g g g g g g g g g t g g g g g g t g b g g g g g 
g g g g t g g g g g g g t b g g g g g g g t g g g g g g g g g g g g b g g g g g g g g g g t g g g g g g g g g g g g t g g t g g g g g g g g g g g g g g g g g g g t g g g g g g g g g g g r r g g g g g t t g g g g g g g g g g g g g g g g g g g t g g g g g g 
g g g g g g g g g t g g t g g g g g g g g g g t g g g g g g g g g g g t g g g g g g t g t g t t g g g g g g g t g g g g g g g g b g b g g g g g t g g g g g g g g g g g g g t g g g t g r r g g g g g g g g g g b g g g g g g g g g g g g g g g g g g g g g g g 
g g g g t g g g g g t g g b g g g g g g g g g g g g g g g g g g g g g g g g g g g g g g g g t t g g b t g g g t g g g g t g g g g g g g t g g g t g g g g g g g g g g g g g g g b g g r r g g g g g g b g g g t g g g g g g g g t g t g t g g g g g g g b g g g 
g g g g t g g g g g g b g g g t g g g g g g g g g g g g g g t g g g g g t g t g b g g g g g g t g g g g g g g g g g b g g g t g g t g g g g g g g g g g g g g g t g g g g g g g g g r r g g g g g g t g t g g g g g g g g g g g g g t g g g g g g g t g g g g t 
g g b g g g g g g g g g g t g g g g g g g g g g g g g g g g g g g g g g g g g g t g g g g g t g g g t g g g g g g g g g t g g g g t g g g g g g g g g g t g b g g g g g g g g g g r r g g g g g g g g g g g t g g g g g g g g g g g b g g g g t g b g g g g g t 
t g g g g g b g g g g g g g g g g b g g g g g g g g g g g g g g g g g g g t t g g g t g g g g g g g t g g g g g t g g g g g g g t g g b g g g g g g g g g g g g g g g g g t g g r r g g g g t g g g g g g b g t g g t g g t g g g g g b g g g g t g g g g g g g 
p p b g b b g g g g g g g g g g g t g g g g b g g g g g g g g t t g g g t b g g g g g g b g g g g g g g g g g g g g g g g g g g g g g g g g g g g g g g b b g g t g g g g t g r r g t g g g t g g g g t g g g g g g g g g g g g t g g g g g t g g g g g g g g g 
g p g g t g g g g g g g g g g g g g g g g g g g g g g g t g g g g g g g g g g g g g g g g t g g g g g g g g g t g g g g g t g g g g g b t g g t g t g g g g g g g g g t g g r r g g g g g g g g g g g g t g g g g g g g g g g g g b g g g g g g g t g g g g t g 
g p t b g t g g g b g g g g g g g g g g g g g g t g g g g t g g g g t g g g g g t g t g g g g t g g g g g t g g g t t g g t g g g t g g g g g g t t g g g g g g g g g g g r r g g g t g g g g g g g g g g g g g t g g g g g t g g g g g b g g g g g g t g g g g 
g p t g t g g g b g g g g g t g g g g g g g g g g g g g g b t g t g g g t g t b t g t g g g g g g g g g b g g g g g g g g g g g g g g g g g g g g g g g t g g g g t g g r r g g g g g g g b g g g g g g g g g g g g g t g g g g g g g g g g g g t b g g g b g g 
g p p p p g g g g g g g g g g g g g g g g g g g g g t g g g g g g g g g g g g g g t t g g g g g g g g b b g g g g g g g g g g g t g g g g g g g g g g g g g g g g g g r r g g g g g g g g g g g t g g g g g g g g g g g g g g g g g g g g g g g g g g g g g g g 
g g g g p p p p g g g g g g t g g g g g g g g g g g t g g g g g g g g g g g g g t g g g g g g g g g g g g g g g g b g g g g g g g g t g g g g t g g g g g t g g g g r r g g g g g g g g g g g g g g g g g g g g g g g g g g g g g g g g g t g g g g g t g g g g 
g g g g g g g p p g g g g g g g g g g g g t g g g g g t t g g g g g g t g g g t g g g g g g g t g g g g g g g t g g g g g t g g g g g g g g t g g g g t g g b g g r r g g g g g g g g g g t g b g g t g g g g t g g g g t g g t g g b g g t t g g g g g g g t g 
g g t t t g g g p g g g t g g g g g g g g t g g g t g g g g g g g g b g g g g g t t g g t g g g g g g g g b b g g g g g g t g g g g g g g g g g t g t g g g t g g r g g g g g g g g g g g g g g g g g g g g t g g g g g g b g g g t g g g g g g g g g t g g g g 
g g g g g t g g p b g g g g g g g g g g g g g g g g g g g g g g t g g g g g g g g g g g g g g g g g g g b g g g t g g g g g t g g g g t g t g t g g g g g g g g t r t g g g g g g g g g g g g g g g g g b g g g g g g g g g g g g g b g g g g g g g t g g b g g 
t g g g g b g g p g g b g g g g g g g g g g g t g g g b g g g t g g g g g g g t g g g g g g g g g g g g g g g g g g g g g g t g t g g g g g g g g g g t g g g g g r g g g t g g g g g g g g g t g b g g t b g g g t g g g g g g g g g t g t g g g g g g g g g g 
g g t g g g g g p g g g g g g g g g g g g g g g g g g g g g g g g g g g g g g g g g g g t g t g g g g g g g g g g g g g g g g g g g g g g g t g g g g g g g t g g r g g g g g g g g g g g t g g g g g g g t g g t g b g g g g g g g g t g g g g b g g g g b g g 
t g t g g g g g p g t g g g g g g g g g g g g g g g g g t g g g g g g g g g g g g g g g g g g g t g g t g g g g g g g g g g g g g g g g g g g g g g g b g g g g g r g g g t g g g g g g t g g g g t g g g g g g g g g g g t g g g g g g g g g g g g g g g g g g 
b g g g g g g t p p p g g g g g t g g g g g g g g g g g g g g t g g g g g g g g g g b g g g t g g g g g g g g g g g g g g g g g b g g g g g g g g g g g g g t g g r t t g g g b g b g g g g g g g g g g g t g g g g g g g g g g t g g g g g g g g g g g g t t b 
g g g g g g g g g t p g g g t g g g g g g g g t g g g t b g g t g g t g g g g g g g g t g g g g g g g g g b g g g b g g g g g b g g g g g g g g t g g g g g g g g r g g g g g t g g g g g g g g g g g t g g g g g g g g g g g g g g g g g t g g g g b t g g g g 
g g g g g g g g t g p p g g g g g b g g g g g g g g g g t g g g g g g g t g g b g g g g t g b g g g g g g g g g g g g g g g g g g t t g g g g g g g g g g g g g g r g g g g g g b g g g g t g g g g g g g g g t g g g g g g g g g g g g g b t t g g g g g g g g 
g g g g g g t g g g g p p g g g g g g g g g g g g g g g t g b g g g g g g g g g g g g g g g g g g g t g b g g g g g g g g g g g g g g t g g g g g g g g g g t g g r g t g g g g g g t g g g g g g g t b g g g g g g g g g g g g g g g g g t g g g t g g t g g t 
g g b g g g g g g g g g p t t g g g t g g g g g g g g g t g g g g g g g t g g g g g g g g g g g g g g b g g g b g g g g g g g g g g g g g g g t g g g t g t g t t r g g g g g g g g b g g t g g g t b g g g g g g g g g g g g g g g g b g g g g g g g g g g b g 
g g g t g g g g g t g g p g g g g g g g g g g g g t g g g g g g g g g b g g b t g g b g g g g g g g g g g g t g g g g t g t g g g g g g t g t g b g g g g g t g g r g g g g g g g t g g g g g g g g g g g t g g g g t g t g g g g g g g g b g g g t g g b g g g 
t g g g b g g g g g t g p g g g g g g g g g g b g g g g g g g g g g g g g g g g g t g g g g g g g t g g g b g g g g g g g g g g g g g g g g g g g t g g g t g g g r g g g g g t g g g g g g g g g t g g g g g t g g g g t g b g g g g b g g g g g g t g g g g g 
g g t g g g g g g g t g p g g g g g g g g g g g g g g g g g t g g g g g g g g g g g g g g g g g g g g t g g g t g g g g g g g g g t b g g g g g g t g g b g t g t r g g g g g g g g g g g g g g g b g g g g g g g g g g b g g t g g g g g g b g g g g g g g g g 
t g g t g t g b g t g g p g g g g g g g g g g g g g g g g g g g g g g g t t g g g g t g g g g t g g g g t g t g g g g g g g g g g g g g g g g b g g g g t g t g g r g g g g b g g g g g g g t g g g g g g g t g g g g g g t g g g g g g g g t g g g b g g g g b 
b g g g g g g g g g g g p p p p p g g g g g t g g g g g g g g g g t g t b g g t g g g g g g g g g g g g g g g g g g g t g g g g g g g g g g g g g g t g g g g g g r g g g g g g g g g g g g g g g g g g g g g g g g g g g t g g t g g g g g g t g g g g t g t g 
g g g g t g g g g g g g g g g g p p p g g g g g g g g g g g g b g g g g g g g t g g g g g g g g g g g g g g g t g g g t g g g g t g t g g g g g g g g g t g t g g r g g g g g g g g g g g g g g t t g g g t b g g g g t g g g g g g g g g g g g t g g g g b g t 
g g g g g g g g t g g t g g t g g t p g t g g g g g g g g g g g g g g t g g g g g g g g g g g g g g g g g g g g g g g g g g g g g g g g g t g g g g g g g g g t g r g g t g b g t g g g g t g g g g g g g g g g g g g g g g g g g g g g g g b t g g g g g g g g 
g g g g g g g g g g g g t g g g g g p p t g g g g g g g t g g g g g g g g t g g g b g g g g t g g g g g g g g g g t g g g g g g g g g g g g g g g g g g g g g g g r g g g g g g g g g g g g b g g g g g g g g g g g g g g t g t g g t g g g t g g g t g g t g g 
g g g g g g g g g g g g g g t g g g g p g g g t g g t g g g g g g g g b g g g g g g g g g g g g t g b g g g t g g g g g g g g g g t g g g g t g g g g g g g g g g r g g g g t t g g g g g g g g g t g g g g g g g g g g g g t t g g g g g g g g g g g g g g g t 
g g g g g g t t t g g g t g t g g g g p t g g g g g g t g g g g g g g t g g b g g g g g t g g g g g g t g t g g g g g g g g g g g g g g g g g g g g g g g g g b g r g g b g t g g g b g g g g g g g g g g b g g g g g g g g g g g g g g g g g g g g g t g g g g 
g g g g g g g g g g g g g g g g g g g p g g g g t g g t g g t g g b g t g g t g t g b t g g g g g b g g g g g g g g g g g g g t t g g g g g g g g g g g g g g g g r g g g g g t g g g b g g g g t g g g g g g g g b g g g g g g g g g t g g g g t g g g g t g g 
g g g t g t g g g g g g g g g g g g g p p p p p p p p p g g g g g g g t g g t b g t g g g g g g g g g g g g g g g g g g g g g g t g g g g g g g g g g b g g g g r r g g g t t b g g g g g g g t t g g g g b g g g g g g g g g g g g g g g g t g g g g g b g g g 
g g g g g g g g g g g g g g g g g g g g g g g g g g g p p p p p p p p t g b g g g g g g t g g g g g g g g g b g g t g g t g g g g g g g g g g b g g g g g g g g r g b t g g g g g g g t t t t g t g g g g g g g g t g g g g g g g b g g g g g g g g g t g g g g 
g g g g g g g g g g g g g g g g g g g g g g g g g g t g g g g g g g p p p g g g g g g g g g g g g g t g g g g g g t g g g g g g g t g g g g g g g g g g g t g g r g g g t g g g g t g g g g g g g g g g g g g t g t g g g g g g g g g g g g g g g g g g g g g g 
g g g g g g g g g t t g g g g g g g g g g g g t g t b g g g g b g g g g p t g t g g g g g g b g g g g g g t g g g g g g g t g g g g g g g g g g g g g g g g g g r b g g g g g g g t g g b g g g g g t g t g g g g g t g g g g g g g g g g g g g g g g g g g g t 
g g g g g g g t g t g g g g g g g g g g g g g g g g t g g g g g t g g g p p p g g g g g g g g g g g g t g g g g g t b g g g g g g g g g g g g g g t g t g g g g r g g g g g b g b g g g g g g g g g g g g g g g g t g g g g g g g g g g g g g g g g g g g t g g 
g g g g g g g g g g g g g g g g g g g g g g g g t g g g g g g g g g g g g t p p p g g g g g g g g t g g g g g g g t g g g g g g g g t t b g g g g t g t g g g g r g g g t g t g t g g g g g t g g g g g g g g g g g g g t g g g g g t g g g t g g g g g t g g g 
g g t g g g g g g g g b g g g g g g g g g g t g g g g g g g g g g g g g g g g g p g g t g g g g g g g b g g g g g g g g t g g t g g g g g t g g g g g g g g g g r t b g g g t t g g g g g t t g g g t g b g g g g g g g g g g g t g g b g t t g g g g g g g g g 
g g g t g g g g g g g g g g g g g g g g g g g g g g t t g g g g g g g g g g g g p g g g g g g g g g g g g g g g t g g g b g g g g g t g g g g g g t g g g t g t r g g g g g g g g g g g t g g g b g g g g g g g g g g g g g g g g g g g g g g g g g g g g g g g 
g g g g g g t t g g g g g g g g t g g g g g t g g g g g g g g t g g b g t g g g p p p p p g g g g g g t g t g g b g g g g g g g g g g g g g g b g g g g g g g r r g g g g g g t t g g g t g t g g g g g g g g g g g g g t g t g g g b g g g g g g g g g g g g g 
t t g g b g g g g g g g g g g g g g g t b g g t g g g g g g g g g g g g g t g g t g g t p g g g g g g g g g t g g g g g g g g g t g g g g g g g b g g t g g g r g g g g g g g b g g t t g b t g g g g g g t g t g g t g g g g g g g g g g g g g g g g g t g g g 
g g g g g g g t g g g g g g g g g g g g g g g g g g g t g g g g b g g g g g g g g g g g p g g g g g g g g t b g g g g g t g g g g g t g g g g g g b g g g g t r g g g g g g g g g t g g g g b g g g g g g g b g g g t g g g g g g g g t g t t g g g g g b g g g 
g t g t g g g g g g g t g g t g g g g g g g t g g g g g g g g g g g g g g t g g g g g g p p p p p g g g b g g g g g g g g g t g g g t g g t g g g g g g g g r r g g g g g g g g g g g g b g g g g g t g g g g g b g g g g g g g g g g g g g g g b g g t g g g g 
g g g t g g g g g g g g b g g g g g g g t g g t g g g g g g g g g g t g g t g g t g g g g g g g p p g g g g g g g g g g g g t g g g g g g b g g g g t g g b r b g g g g g g g t g g g g g g g g g g g g g g g g g g g g g g g g g g g g g g g g b g g t g g g g 
g g g g g t g b g g g g g g g g g g g g g g g g g t g g g g g g g t g g g b g b g g g g g g g t g p t g t g g g g g g g g t g g g g g g g g g g g g g g g g r g g g g t g g g g g g g g g g g g g g g g g t g g g g g g g g g g g t t g b g g g g g t g g t g g 
g g g g g t g b g t g g g g g g g g g t g g g g g g g g g t g g g g g b g g g g g g g g g g g g g p p p t b g g g t g g g t g g g g g b g g g g g g t g g r r g g g g g g g t g g g g g g g g g g g g g g g g g g g t g g g g g g t b g g t g t g t g t g g g g 
g g b g g g g b g g g g g g g g g t t g t g g g t g g g g t g g g g t g g g g g g g g g g g g g g g g p p p g g g g g t g g g g g g g t g g g g g t g b g r g g g g g g g g g g g g g g g g g g g g g g g g g g g g g g g g b g g g g g g g g g t g g g b g g g 
g g g t g g g g g g g g g g g g t g g g g g g g g g g t g g g g g g t g t g g g g g g g g g g g g g g g g p g g g g g g g g t g g g g g g g t g g t g g t r g g t t g g g g g g g g g g g g b g g g g g g g g g g g g g g g g g g g g g g g g g t g g g g g t g 
g g g g g g g g g t g g g g g g t b g g g b g g g g t t g g g g g g g t g g g g g g g g g g g g t g g g g p g g g g g t g t g t g g g g g g g g g t g g r r g g t g g g g g g g g t g g g g g g g g g t g g g g g t g g g g g g g g g g g g g g g g t g g g g g 
g g b g g g t g g g g g g t g g g g g g g g t g g g g g g g g g g g g g g g g g g g g g g g b g g g g g g p p g g g g g g g g g g g g g g b b g g g g g r t g g g g g g t b g g g g t g g b b g g g g g g g g g g b g g g g g g g g g g g t t g g g g t g g g g 
t g g g g g g g g g g g g g g g g g g g g g g g g g g g g g g g g g g g g g t g b g g g g g g g g g t g g g p p p p g g g g g g b t g g g g g g g g g g r g g b g g g t t g g g g t g g g b g g g g g g g g g g g g g g g g g g g g g g g g b g g g g g g g g g 
g g g g g g g g g g t g g g g g g g b g b g g g g g b g g g g g g g g g g g g g g g g g t g g g g g g g t g g g g p p g b t g g g g g t g g g g g g g r r g g g g g g g g g g g g g g g t g g g g g g g g b g g g g t g g g g g g g g g g g g g g g t g g g g g 
g g g g g g g g g g g g g g t g g g g g t g g g b g g t g g g t g t g g g g g g g g g g g g g g g g g g g g g g g g p g g g g g g t g g g g g g g g b r g t g g g g g g g g g g g g g g g g g g g t g g g g g t g g g g t t g g g g g t t g g g g g g g g g g g 
g g g g g g g g g g g g g g g t g g g g g g g t g g t g g g t g g g g t g g g g g g g g g g g g g t g g g g g g g g p g g g g g g g g g g g g g g g r r g g g g g g g g g t g g g g g g g g t g g g g g g t g g g t g g g g t g g g g g g g g g t g g g g t g g 
g g g t b t g g g g g g g g g g g t g t g g g g g g g g g g g t g g g g g g g g g g g t g g g g t g g g g g g g t g p p g g g t g g g g g g g g g r r g g g g t g g g g g g g t g t g g g g g g t t g g t g g g g g g g g g g g g g g g t g t g g g g g g g g g 
g b g t g g g g g g g g g g g b g t g g g g g g b g g g t g t t g g g g g t g t g g g g g g g t g g g g t b g t g t g p p g g t g g g g g g g g g r g g g t t g g g g g g g g g g g g g g g g g g t g g g g g g g g g g t g g g g g g g g g g g g g g g g g g g 
g g g g g g g g g g g g g g g g b g g g t g g g g g g t g t g g g g b b g g g g g g g g g g g g g g g g g g g g g g g g p t g g g g g t g g g b r r g g t g t g g g t g g g g g g g t g g t g t g g g g g g g g g g g t g g g g g g g g g g g g g b g g t g g g 
g g g g g g g g g g t g g g g g g t g g g g g g g g g t g g g g g g g g g g g g g g g g g g g g g g g g g g g g g g g g p p g g g t g g g g g r r g g g g g b g g b g g g g g g g g g g g g t g g g g g g g g g t g g g g g g g g g g b t g t g t g g g g t g b 
g g g g g g g t g g g g g g g g g g g b t g g t g g t g g g g g g g g g g g g g g g t g g g g g g g g g t g g g g g g g g p g t g g g t g g g r g g g g t g g g g g g g g g g g g g g g t g g g g g g g t g g g g g g b g g g g g g g g g g g g g g g g g g g g 
t g g b g g g g g g g g g g g g g t g g g g g g g g g g g g g g g g t g g g g t g g t g g t g g g g t g g g g t g g g g g p g g g g g t g g r r g g b g g g g g g g t g g g g t b g g g g g g g g t g g g g b g g g g g g g g g g g g g t g t g g g g g g g g g 
g g g g g g g g g g g g g g g g g g g g g t t t g g t g g g g t g g g g t g g g t g g g g g g g g g g g g g g g g g g g g p g b g g g g g g r g g g t g g g g t g g g g g g g t g g g g g g g g g g g g g g g g g t g g g g g g g g t g g g g g g t t g t g g g 
g t g g g g g g g g g g g g g g g g g b g g g g g g t t t g g t t g g t g g g g t g g g g g g g b g g g g t g g g g t g g p g g g g g g g r r g g g g g g g g b g g t t g g g g g b g g g t g g g g g g g g g g g g g g g g t g g g g g t g g g g t g g g g g g 
g g t g g g g g g g g g g b g b g g t g g g g g t g g g g g g t g g g g t g t g g g t g g g g g g g g g g g g g g g g g g p g g g g g g r r g g g b g g t g g g g g g g g g g g g g g g g g g t g g g g g g g g g g g g t g g g g g g g g g g g g g g g g g g g 
g g g g g b g g g g g g g g g g g g g g g g g g g g g g g g g g g g g g g g g g g g g g g g g g t g g g g g g g g g g g g p g g g g g g r g g b g g g g g g g t g g g g g t g g g g g g g g g g g g g g g g g t t g g g g g g b t g g g g g g g g g g g g g g g 
g g g g g g g t g g g g b g g t g g g t g g g g g g g t g g g g g g g g t g g t g g t g g g g g g g g g t g g g g g g t g p p t g g g r r g g g g t g g g g g g t g g t g g g g g g g g g g t b g g g g g g g g g g g t g g g g g g g g t g g b g g g g g g t b 
g g g g g g g g t g g b g g g g g g g g g t g g g g t g g g g g g g g g g g g g g g g g g g g g g g t t g g g g g g g g g g p p g g r r g g t g t g g g g t g g g g g g g t g g g g g g g g g g g g g g g g g g g g g g g g g g g g g g t g g g g b g g g t g g 
g g t g g g g g g g g t g g g t t g g g g t t g g g g g g g g g g b g g g g g t g g g t g g t g g g g g g g g g g g g g g g g p g g r g b g g g g b g g g g g g g g g g g g g g g g g g g g g g g g g g g g b g g g g g g t g g g g g t g t b g g g g g g g g g 
g g g g g g g g g g t g g g g g g g g g g g g g g g g g g g g g g g g g g g g t g g g g g g g t g t g g g g g g g g g g g g g p p g r r g g g g g g g g g g g g g g g g g g g g g t g g t g g g t g g g g t g g g g g g g g g g g g g g g g g g b g g g g g g g 
g g g g g g g g g g g g g g g g g t g g t g g g t g t g g g g g g g g g g g g g g g t b g g t g g b t g t g g t g g g g g g g g p g g r r g g t g g g g g g t g g g g g t t g t g g g g g g g g g g g g g g g g g g g g g g g g g t g g g g t g g g g g t g g g 
g g g g b g g g g g g b g b g g g g g t g g t g g g g g g g b g g b g g g g g g g g g g g g g g g g g g g g g g t g g g g g t g p g g g r r g g g g g g g g g g g g g g g g g g g g g g g g g g t g g g g g g t g g g g g g t g g g g g g g g g t g g g g g g g 
g g g g g g g g g t g g t g g g t g g g g g g g g g g g g g g g g g g g g g g g g g g g g g g g g g g g g t g g g g g g g g g g p g g g g r t t g g g g g g g g g g g t g g g g g g g g g g g g g g g g g g t t g g g g g g g g g g g g g g g g g g g g g g g g 
g g g g g g t g g g g g g g g g g g g g g g g g g g g g g g g g g g g g g g g g b g g t g g g g g g b g t g g g t g g g b g b g p p p p p r r g g g g g g g g g g g g g g g g g g g g g g g g g b g b g g g t g g g g b g g g g g g t g g g g g g g g g g g g b 
g g g t g g g b g g g g g g g g t g g g g g g g g b g g g g b g g t g g g g g g g g g g g g g g g b b g g b g t g g t g g t g t t g g g p p p r t b g g g g b g g g g g g g g g g g g g t g t g g g t g g g g g g g g g g g t g g g t g g g g g g g g g g t t g 
g g t g g g g g g b g g b g g t g g g g g t g g g g g g g g g g g t g g g g g g g g g g g g g g g t g g g g g g g g g g g g g g g g t g g g p p p p g g g g g g g g g g g g g g g g g g g g g g g g g g g t g t g b g g g b g g g g g g g g t g g g g g g g g g 
g g g g g g g g g g t g g g t b t t g g g g g t g g g t g g g g g g g g g t g g t t t t g g g g g g g g g g g g g g g g g b g g g g g t g g g g r p g g g g g t g t g g g g g t t g g g g g g g g g g b g g t g g g g g g g g t g g g g g g g g t g g g g g g g 
t g g g g g b g g g g g b g g g g g g g g g g t g g g g g g g g t g g g g g t g g g g g g g t g g g t t g g g t g g g g g t g b g g g g g g g g r p p p p g g g g g g g g g g g g g g t t g g g g t g g g g g g g g g g g g g g g g g g g g g g t g g g g g g g 
g g g g g g g g g t g g g t g g g t g g t g g g g g g t g g g g g g g g g t g g g g g t g g g g g g g g g g g g g t g g g g g g g g g g g g g g g r r g p g b g g g g g g t g g g b t g g g g g g g g g g t g g g t g g g g g g g g t t g g g g g g g g g g g g 
g t g g g g g g g g g g g g g g t g g g g g g g g g g g g g g g g g t b t g g g g g t g g g t g g b g g g g g t g g g t g b g g g g g g g g g g g g r t p g g g g g g g g g g t g g g g t g g t b g g g g g g t g g g g g g g g g g t g g g g g g g g g g g g g 
g g g g g g g g g g g g g g g g g t g g g g g g t g g g g g g g g g g g g g g g g g g t g b g g g g g t g g g g g g g g g g t g b g g g g t g g g g r r p t g g g g g g g g g g g g g g g g g g g g g g g g g g t g g g g g g g g g g g g g g g g g g g g t g g 
g g g g g g g g g g g g g g g g g g g t g g g g g g g g g g g g g g g g g g g t g t g g t g g g g g t t g g t g g g g g g g g g g t g g g g g g g g g r p p p p p p p g g t t g g g g t t g g g g g g g g g g g g g g g g g g g g g g g g g g g g t t g g g t g 
g g g g g g g g g g g g g g g g g t g g g g g g g g g g g t g g t g g g g g g g g t g g g g g g g g g g g g g g g g g g g g g g g g g g g g g g t t g g r r g g g g p g g g g g g g g t t g g g g g g g g g t g g g g t g t g g g g g g g g t g g g g g t g g g 
b g g g g g g g g t g t g g t g g g g g g g g t g g g g b g g g g g g g g g g g g g g g g g g g g g g g g g g g g t g g g g g g g g b g g g g g g t g g t r g g g g p g g t g g g g g g g g t g g g g g g g g g g g b g g b g g g g g g g g g g g g g g g t g t 